Archive member included to satisfy reference by file (symbol)

C:/ST/STM32CubeIDE_1.18.1/STM32CubeIDE/plugins/com.st.stm32cube.ide.mcu.externaltools.gnu-tools-for-stm32.13.3.rel1.win32_1.0.0.202411081344/tools/bin/../lib/gcc/arm-none-eabi/13.3.1/../../../../arm-none-eabi/lib/thumb/v7e-m+fp/hard\libc_nano.a(libc_a-exit.o)
                              C:/ST/STM32CubeIDE_1.18.1/STM32CubeIDE/plugins/com.st.stm32cube.ide.mcu.externaltools.gnu-tools-for-stm32.13.3.rel1.win32_1.0.0.202411081344/tools/bin/../lib/gcc/arm-none-eabi/13.3.1/../../../../arm-none-eabi/lib/thumb/v7e-m+fp/hard/crt0.o (exit)
C:/ST/STM32CubeIDE_1.18.1/STM32CubeIDE/plugins/com.st.stm32cube.ide.mcu.externaltools.gnu-tools-for-stm32.13.3.rel1.win32_1.0.0.202411081344/tools/bin/../lib/gcc/arm-none-eabi/13.3.1/../../../../arm-none-eabi/lib/thumb/v7e-m+fp/hard\libc_nano.a(libc_a-findfp.o)
                              C:/ST/STM32CubeIDE_1.18.1/STM32CubeIDE/plugins/com.st.stm32cube.ide.mcu.externaltools.gnu-tools-for-stm32.13.3.rel1.win32_1.0.0.202411081344/tools/bin/../lib/gcc/arm-none-eabi/13.3.1/../../../../arm-none-eabi/lib/thumb/v7e-m+fp/hard\libc_nano.a(libc_a-exit.o) (__stdio_exit_handler)
C:/ST/STM32CubeIDE_1.18.1/STM32CubeIDE/plugins/com.st.stm32cube.ide.mcu.externaltools.gnu-tools-for-stm32.13.3.rel1.win32_1.0.0.202411081344/tools/bin/../lib/gcc/arm-none-eabi/13.3.1/../../../../arm-none-eabi/lib/thumb/v7e-m+fp/hard\libc_nano.a(libc_a-fwalk.o)
                              C:/ST/STM32CubeIDE_1.18.1/STM32CubeIDE/plugins/com.st.stm32cube.ide.mcu.externaltools.gnu-tools-for-stm32.13.3.rel1.win32_1.0.0.202411081344/tools/bin/../lib/gcc/arm-none-eabi/13.3.1/../../../../arm-none-eabi/lib/thumb/v7e-m+fp/hard\libc_nano.a(libc_a-findfp.o) (_fwalk_sglue)
C:/ST/STM32CubeIDE_1.18.1/STM32CubeIDE/plugins/com.st.stm32cube.ide.mcu.externaltools.gnu-tools-for-stm32.13.3.rel1.win32_1.0.0.202411081344/tools/bin/../lib/gcc/arm-none-eabi/13.3.1/../../../../arm-none-eabi/lib/thumb/v7e-m+fp/hard\libc_nano.a(libc_a-stdio.o)
                              C:/ST/STM32CubeIDE_1.18.1/STM32CubeIDE/plugins/com.st.stm32cube.ide.mcu.externaltools.gnu-tools-for-stm32.13.3.rel1.win32_1.0.0.202411081344/tools/bin/../lib/gcc/arm-none-eabi/13.3.1/../../../../arm-none-eabi/lib/thumb/v7e-m+fp/hard\libc_nano.a(libc_a-findfp.o) (__sread)
C:/ST/STM32CubeIDE_1.18.1/STM32CubeIDE/plugins/com.st.stm32cube.ide.mcu.externaltools.gnu-tools-for-stm32.13.3.rel1.win32_1.0.0.202411081344/tools/bin/../lib/gcc/arm-none-eabi/13.3.1/../../../../arm-none-eabi/lib/thumb/v7e-m+fp/hard\libc_nano.a(libc_a-memset.o)
                              C:/ST/STM32CubeIDE_1.18.1/STM32CubeIDE/plugins/com.st.stm32cube.ide.mcu.externaltools.gnu-tools-for-stm32.13.3.rel1.win32_1.0.0.202411081344/tools/bin/../lib/gcc/arm-none-eabi/13.3.1/../../../../arm-none-eabi/lib/thumb/v7e-m+fp/hard/crt0.o (memset)
C:/ST/STM32CubeIDE_1.18.1/STM32CubeIDE/plugins/com.st.stm32cube.ide.mcu.externaltools.gnu-tools-for-stm32.13.3.rel1.win32_1.0.0.202411081344/tools/bin/../lib/gcc/arm-none-eabi/13.3.1/../../../../arm-none-eabi/lib/thumb/v7e-m+fp/hard\libc_nano.a(libc_a-closer.o)
                              C:/ST/STM32CubeIDE_1.18.1/STM32CubeIDE/plugins/com.st.stm32cube.ide.mcu.externaltools.gnu-tools-for-stm32.13.3.rel1.win32_1.0.0.202411081344/tools/bin/../lib/gcc/arm-none-eabi/13.3.1/../../../../arm-none-eabi/lib/thumb/v7e-m+fp/hard\libc_nano.a(libc_a-stdio.o) (_close_r)
C:/ST/STM32CubeIDE_1.18.1/STM32CubeIDE/plugins/com.st.stm32cube.ide.mcu.externaltools.gnu-tools-for-stm32.13.3.rel1.win32_1.0.0.202411081344/tools/bin/../lib/gcc/arm-none-eabi/13.3.1/../../../../arm-none-eabi/lib/thumb/v7e-m+fp/hard\libc_nano.a(libc_a-reent.o)
                              C:/ST/STM32CubeIDE_1.18.1/STM32CubeIDE/plugins/com.st.stm32cube.ide.mcu.externaltools.gnu-tools-for-stm32.13.3.rel1.win32_1.0.0.202411081344/tools/bin/../lib/gcc/arm-none-eabi/13.3.1/../../../../arm-none-eabi/lib/thumb/v7e-m+fp/hard\libc_nano.a(libc_a-closer.o) (errno)
C:/ST/STM32CubeIDE_1.18.1/STM32CubeIDE/plugins/com.st.stm32cube.ide.mcu.externaltools.gnu-tools-for-stm32.13.3.rel1.win32_1.0.0.202411081344/tools/bin/../lib/gcc/arm-none-eabi/13.3.1/../../../../arm-none-eabi/lib/thumb/v7e-m+fp/hard\libc_nano.a(libc_a-impure.o)
                              C:/ST/STM32CubeIDE_1.18.1/STM32CubeIDE/plugins/com.st.stm32cube.ide.mcu.externaltools.gnu-tools-for-stm32.13.3.rel1.win32_1.0.0.202411081344/tools/bin/../lib/gcc/arm-none-eabi/13.3.1/../../../../arm-none-eabi/lib/thumb/v7e-m+fp/hard\libc_nano.a(libc_a-reent.o) (_impure_ptr)
C:/ST/STM32CubeIDE_1.18.1/STM32CubeIDE/plugins/com.st.stm32cube.ide.mcu.externaltools.gnu-tools-for-stm32.13.3.rel1.win32_1.0.0.202411081344/tools/bin/../lib/gcc/arm-none-eabi/13.3.1/../../../../arm-none-eabi/lib/thumb/v7e-m+fp/hard\libc_nano.a(libc_a-lseekr.o)
[...]
Memory Configuration

Name             Origin             Length             Attributes
RAM              0x20000000         0x0001c000         xrw
FLASH            0x08000000         0x00080000         xr
*default*        0x00000000         0xffffffff

Linker script and memory map

LOAD C:/ST/STM32CubeIDE_1.18.1/STM32CubeIDE/plugins/com.st.stm32cube.ide.mcu.externaltools.gnu-tools-for-stm32.13.3.rel1.win32_1.0.0.202411081344/tools/bin/../lib/gcc/arm-none-eabi/13.3.1/thumb/v7e-m+fp/hard/crti.o
LOAD C:/ST/STM32CubeIDE_1.18.1/STM32CubeIDE/plugins/com.st.stm32cube.ide.mcu.externaltools.gnu-tools-for-stm32.13.3.rel1.win32_1.0.0.202411081344/tools/bin/../lib/gcc/arm-none-eabi/13.3.1/thumb/v7e-m+fp/hard/crtbegin.o
LOAD C:/ST/STM32CubeIDE_1.18.1/STM32CubeIDE/plugins/com.st.stm32cube.ide.mcu.externaltools.gnu-tools-for-stm32.13.3.rel1.win32_1.0.0.202411081344/tools/bin/../lib/gcc/arm-none-eabi/13.3.1/../../../../arm-none-eabi/lib/thumb/v7e-m+fp/hard/crt0.o
LOAD ./Core/Src/adc.o
LOAD ./Core/Src/app_freertos.o
LOAD ./Core/Src/can.o
LOAD ./Core/Src/main.o
LOAD ./Core/Src/stm32g4xx_hal_msp.o
LOAD ./Core/Src/stm32g4xx_it.o
LOAD ./Core/Src/syscalls.o
LOAD ./Core/Src/sysmem.o
LOAD ./Core/Src/system_stm32g4xx.o
LOAD ./Core/Startup/startup_stm32g491retx.o
LOAD ./Drivers/STM32G4xx_HAL_Driver/Src/stm32g4xx_hal.o
LOAD ./Drivers/STM32G4xx_HAL_Driver/Src/stm32g4xx_hal_adc.o
LOAD ./Drivers/STM32G4xx_HAL_Driver/Src/stm32g4xx_hal_adc_ex.o
LOAD ./Drivers/STM32G4xx_HAL_Driver/Src/stm32g4xx_hal_cortex.o
LOAD ./Drivers/STM32G4xx_HAL_Driver/Src/stm32g4xx_hal_dma.o
LOAD ./Drivers/STM32G4xx_HAL_Driver/Src/stm32g4xx_hal_dma_ex.o
LOAD ./Drivers/STM32G4xx_HAL_Driver/Src/stm32g4xx_hal_exti.o
LOAD ./Drivers/STM32G4xx_HAL_Driver/Src/stm32g4xx_hal_fdcan.o
LOAD ./Drivers/STM32G4xx_HAL_Driver/Src/stm32g4xx_hal_flash.o
LOAD ./Drivers/STM32G4xx_HAL_Driver/Src/stm32g4xx_hal_flash_ex.o
LOAD ./Drivers/STM32G4xx_HAL_Driver/Src/stm32g4xx_hal_flash_ramfunc.o
LOAD ./Drivers/STM32G4xx_HAL_Driver/Src/stm32g4xx_hal_gpio.o
LOAD ./Drivers/STM32G4xx_HAL_Driver/Src/stm32g4xx_hal_pwr.o
LOAD ./Drivers/STM32G4xx_HAL_Driver/Src/stm32g4xx_hal_pwr_ex.o
LOAD ./Drivers/STM32G4xx_HAL_Driver/Src/stm32g4xx_hal_rcc.o
LOAD ./Drivers/STM32G4xx_HAL_Driver/Src/stm32g4xx_hal_rcc_ex.o
LOAD ./Drivers/STM32G4xx_HAL_Driver/Src/stm32g4xx_ll_adc.o
LOAD ./Middlewares/Third_Party/FreeRTOS/Source/CMSIS_RTOS_V2/cmsis_os2.o
LOAD ./Middlewares/Third_Party/FreeRTOS/Source/croutine.o
LOAD ./Middlewares/Third_Party/FreeRTOS/Source/event_groups.o
LOAD ./Middlewares/Third_Party/FreeRTOS/Source/list.o
LOAD ./Middlewares/Third_Party/FreeRTOS/Source/queue.o
LOAD ./Middlewares/Third_Party/FreeRTOS/Source/stream_buffer.o
LOAD ./Middlewares/Third_Party/FreeRTOS/Source/tasks.o
LOAD ./Middlewares/Third_Party/FreeRTOS/Source/timers.o
LOAD ./Middlewares/Third_Party/FreeRTOS/Source/portable/GCC/ARM_CM4F/port.o
LOAD ./Middlewares/Third_Party/FreeRTOS/Source/portable/MemMang/heap_4.o
START GROUP
LOAD C:/ST/STM32CubeIDE_1.18.1/STM32CubeIDE/plugins/com.st.stm32cube.ide.mcu.externaltools.gnu-tools-for-stm32.13.3.rel1.win32_1.0.0.202411081344/tools/bin/../lib/gcc/arm-none-eabi/13.3.1/../../../../arm-none-eabi/lib/thumb/v7e-m+fp/hard\libc_nano.a
LOAD C:/ST/STM32CubeIDE_1.18.1/STM32CubeIDE/plugins/com.st.stm32cube.ide.mcu.externaltools.gnu-tools-for-stm32.13.3.rel1.win32_1.0.0.202411081344/tools/bin/../lib/gcc/arm-none-eabi/13.3.1/../../../../arm-none-eabi/lib/thumb/v7e-m+fp/hard\libm.a
END GROUP
START GROUP
LOAD C:/ST/STM32CubeIDE_1.18.1/STM32CubeIDE/plugins/com.st.stm32cube.ide.mcu.externaltools.gnu-tools-for-stm32.13.3.rel1.win32_1.0.0.202411081344/tools/bin/../lib/gcc/arm-none-eabi/13.3.1/thumb/v7e-m+fp/hard\libgcc.a
LOAD C:/ST/STM32CubeIDE_1.18.1/STM32CubeIDE/plugins/com.st.stm32cube.ide.mcu.externaltools.gnu-tools-for-stm32.13.3.rel1.win32_1.0.0.202411081344/tools/bin/../lib/gcc/arm-none-eabi/13.3.1/../../../../arm-none-eabi/lib/thumb/v7e-m+fp/hard\libc_nano.a
END GROUP
START GROUP
LOAD C:/ST/STM32CubeIDE_1.18.1/STM32CubeIDE/plugins/com.st.stm32cube.ide.mcu.externaltools.gnu-tools-for-stm32.13.3.rel1.win32_1.0.0.202411081344/tools/bin/../lib/gcc/arm-none-eabi/13.3.1/thumb/v7e-m+fp/hard\libgcc.a
LOAD C:/ST/STM32CubeIDE_1.18.1/STM32CubeIDE/plugins/com.st.stm32cube.ide.mcu.externaltools.gnu-tools-for-stm32.13.3.rel1.win32_1.0.0.202411081344/tools/bin/../lib/gcc/arm-none-eabi/13.3.1/../../../../arm-none-eabi/lib/thumb/v7e-m+fp/hard\libc_nano.a
LOAD C:/ST/STM32CubeIDE_1.18.1/STM32CubeIDE/plugins/com.st.stm32cube.ide.mcu.externaltools.gnu-tools-for-stm32.13.3.rel1.win32_1.0.0.202411081344/tools/bin/../lib/gcc/arm-none-eabi/13.3.1/../../../../arm-none-eabi/lib/thumb/v7e-m+fp/hard\libnosys.a
END GROUP
START GROUP
LOAD C:/ST/STM32CubeIDE_1.18.1/STM32CubeIDE/plugins/com.st.stm32cube.ide.mcu.externaltools.gnu-tools-for-stm32.13.3.rel1.win32_1.0.0.202411081344/tools/bin/../lib/gcc/arm-none-eabi/13.3.1/thumb/v7e-m+fp/hard\libgcc.a
LOAD C:/ST/STM32CubeIDE_1.18.1/STM32CubeIDE/plugins/com.st.stm32cube.ide.mcu.externaltools.gnu-tools-for-stm32.13.3.rel1.win32_1.0.0.202411081344/tools/bin/../lib/gcc/arm-none-eabi/13.3.1/../../../../arm-none-eabi/lib/thumb/v7e-m+fp/hard\libc_nano.a
LOAD C:/ST/STM32CubeIDE_1.18.1/STM32CubeIDE/plugins/com.st.stm32cube.ide.mcu.externaltools.gnu-tools-for-stm32.13.3.rel1.win32_1.0.0.202411081344/tools/bin/../lib/gcc/arm-none-eabi/13.3.1/../../../../arm-none-eabi/lib/thumb/v7e-m+fp/hard\libnosys.a
END GROUP
LOAD C:/ST/STM32CubeIDE_1.18.1/STM32CubeIDE/plugins/com.st.stm32cube.ide.mcu.externaltools.gnu-tools-for-stm32.13.3.rel1.win32_1.0.0.202411081344/tools/bin/../lib/gcc/arm-none-eabi/13.3.1/thumb/v7e-m+fp/hard/crtend.o
LOAD C:/ST/STM32CubeIDE_1.18.1/STM32CubeIDE/plugins/com.st.stm32cube.ide.mcu.externaltools.gnu-tools-for-stm32.13.3.rel1.win32_1.0.0.202411081344/tools/bin/../lib/gcc/arm-none-eabi/13.3.1/thumb/v7e-m+fp/hard/crtn.o
                0x2001c000                        _estack = (ORIGIN (RAM) + LENGTH (RAM))
                0x00000200                        _Min_Heap_Size = 0x200
                0x00000400                        _Min_Stack_Size = 0x400

.isr_vector     0x08000000      0x1d8
                0x08000000                        . = ALIGN (0x4)
 *(.isr_vector)
 .isr_vector    0x08000000      0x1d8 ./Core/Startup/startup_stm32g491retx.o
                0x08000000                g_pfnVectors
                0x080001d8                        . = ALIGN (0x4)

.text           0x080001e0     0x7214
                0x080001e0                        . = ALIGN (0x4)
 *(.text)
 .text          0x080001e0       0x40 C:/ST/STM32CubeIDE_1.18.1/STM32CubeIDE/plugins/com.st.stm32cube.ide.mcu.externaltools.gnu-tools-for-stm32.13.3.rel1.win32_1.0.0.202411081344/tools/bin/../lib/gcc/arm-none-eabi/13.3.1/thumb/v7e-m+fp/hard/crtbegin.o
 *(.text*)
 .text.initializeHistory
                0x08000220       0x78 ./Core/Src/adc.o
                0x08000220                initializeHistory
 .text.sendTemperatureToMaster0
                0x08000298       0x68 ./Core/Src/can.o
                0x08000298                sendTemperatureToMaster0
 .text.sendTemperatureToMaster1
                0x08000300       0x68 ./Core/Src/can.o
                0x08000300                sendTemperatureToMaster1
 .text.sendTemperatureToMaster2
                0x08000368       0x68 ./Core/Src/can.o
                0x08000368                sendTemperatureToMaster2
 .text.sendTemperatureToMaster3
                0x080003d0       0x68 ./Core/Src/can.o
                0x080003d0                sendTemperatureToMaster3
 .text.sendTemperatureToMaster4
                0x08000438       0x68 ./Core/Src/can.o
                0x08000438                sendTemperatureToMaster4
 .text.sendTemperatureToMaster5
                0x080004a0       0x68 ./Core/Src/can.o
                0x080004a0                sendTemperatureToMaster5
 .text.sendTemperatureToMaster6
                0x08000508       0x68 ./Core/Src/can.o
                0x08000508                sendTemperatureToMaster6
 .text.sendTemperatureToMaster7
                0x08000570       0x68 ./Core/Src/can.o
                0x08000570                sendTemperatureToMaster7
 .text.main     0x080005d8       0x64 ./Core/Src/main.o
                0x080005d8                main
 .text.SystemClock_Config
                0x0800063c       0x96 ./Core/Src/main.o
                0x0800063c                SystemClock_Config
 *fill*         0x080006d2        0x2 
 .text.MX_ADC2_Init
                0x080006d4      0x2d0 ./Core/Src/main.o
 .text.MX_FDCAN1_Init
                0x080009a4       0x9c ./Core/Src/main.o
 .text.MX_DMA_Init
                0x08000a40       0x54 ./Core/Src/main.o
 .text.MX_GPIO_Init
                0x08000a94       0xb0 ./Core/Src/main.o
 .text.HAL_ADC_ConvCpltCallback
                0x08000b44       0x44 ./Core/Src/main.o
                0x08000b44                HAL_ADC_ConvCpltCallback
 .text.xReadTempFunction
                0x08000b88       0x2c ./Core/Src/main.o
                0x08000b88                xReadTempFunction
 .text.xSendCANFunction
                0x08000bb4       0x9c ./Core/Src/main.o
                0x08000bb4                xSendCANFunction
 .text.Error_Handler
                0x08000c50       0x1c ./Core/Src/main.o
                0x08000c50                Error_Handler
 .text.HAL_MspInit
                0x08000c6c       0x54 ./Core/Src/stm32g4xx_hal_msp.o
                0x08000c6c                HAL_MspInit
 .text.HAL_ADC_MspInit
                0x08000cc0      0x1a8 ./Core/Src/stm32g4xx_hal_msp.o
                0x08000cc0                HAL_ADC_MspInit
 .text.HAL_FDCAN_MspInit
                0x08000e68       0xb4 ./Core/Src/stm32g4xx_hal_msp.o
                0x08000e68                HAL_FDCAN_MspInit
 .text.NMI_Handler
                0x08000f1c        0x8 ./Core/Src/stm32g4xx_it.o
                0x08000f1c                NMI_Handler
 .text.HardFault_Handler
                0x08000f24        0x8 ./Core/Src/stm32g4xx_it.o
                0x08000f24                HardFault_Handler
 .text.MemManage_Handler
                0x08000f2c        0x8 ./Core/Src/stm32g4xx_it.o
                0x08000f2c                MemManage_Handler
 .text.BusFault_Handler
                0x08000f34        0x8 ./Core/Src/stm32g4xx_it.o
                0x08000f34                BusFault_Handler
 .text.UsageFault_Handler
                0x08000f3c        0x8 ./Core/Src/stm32g4xx_it.o
                0x08000f3c                UsageFault_Handler
 .text.DebugMon_Handler
                0x08000f44        0xe ./Core/Src/stm32g4xx_it.o
                0x08000f44                DebugMon_Handler
 .text.SysTick_Handler
                0x08000f52       0x1a ./Core/Src/stm32g4xx_it.o
                0x08000f52                SysTick_Handler
 .text.DMA1_Channel1_IRQHandler
                0x08000f6c       0x14 ./Core/Src/stm32g4xx_it.o
                0x08000f6c                DMA1_Channel1_IRQHandler
 .text.SystemInit
                0x08000f80       0x24 ./Core/Src/system_stm32g4xx.o
                0x08000f80                SystemInit
 .text.Reset_Handler
                0x08000fa4       0x50 ./Core/Startup/startup_stm32g491retx.o
                0x08000fa4                Reset_Handler
 .text.Default_Handler
                0x08000ff4        0x2 ./Core/Startup/startup_stm32g491retx.o
                0x08000ff4                RTC_Alarm_IRQHandler
                0x08000ff4                EXTI2_IRQHandler
                0x08000ff4                TIM8_TRG_COM_IRQHandler
                0x08000ff4                TIM8_CC_IRQHandler
                0x08000ff4                TIM1_CC_IRQHandler
                0x08000ff4                USB_HP_IRQHandler
                0x08000ff4                CORDIC_IRQHandler
                0x08000ff4                DMA2_Channel8_IRQHandler
                0x08000ff4                EXTI3_IRQHandler
                0x08000ff4                I2C3_ER_IRQHandler
                0x08000ff4                EXTI0_IRQHandler
                0x08000ff4                I2C2_EV_IRQHandler
                0x08000ff4                FPU_IRQHandler
                0x08000ff4                FDCAN1_IT1_IRQHandler
                0x08000ff4                TIM1_UP_TIM16_IRQHandler
                0x08000ff4                ADC1_2_IRQHandler
                0x08000ff4                SPI1_IRQHandler
                0x08000ff4                TIM6_DAC_IRQHandler
                0x08000ff4                TIM8_UP_IRQHandler
                0x08000ff4                DMA2_Channel2_IRQHandler
                0x08000ff4                DMA1_Channel4_IRQHandler
                0x08000ff4                TIM20_TRG_COM_IRQHandler
                0x08000ff4                USART3_IRQHandler
                0x08000ff4                DMA1_Channel7_IRQHandler
                0x08000ff4                UART5_IRQHandler
                0x08000ff4                ADC3_IRQHandler
                0x08000ff4                TIM4_IRQHandler
                0x08000ff4                DMA2_Channel1_IRQHandler
                0x08000ff4                QUADSPI_IRQHandler
                0x08000ff4                I2C1_EV_IRQHandler
                0x08000ff4                DMA1_Channel6_IRQHandler
                0x08000ff4                UART4_IRQHandler
                0x08000ff4                DMA2_Channel4_IRQHandler
                0x08000ff4                TIM3_IRQHandler
                0x08000ff4                RCC_IRQHandler
                0x08000ff4                TIM20_UP_IRQHandler
                0x08000ff4                Default_Handler
                0x08000ff4                DMA2_Channel7_IRQHandler
                0x08000ff4                RTC_TAMP_LSECSS_IRQHandler
                0x08000ff4                FMAC_IRQHandler
                0x08000ff4                EXTI15_10_IRQHandler
                0x08000ff4                DMA1_Channel8_IRQHandler
                0x08000ff4                TIM7_IRQHandler
                0x08000ff4                UCPD1_IRQHandler
                0x08000ff4                I2C3_EV_IRQHandler
                0x08000ff4                EXTI9_5_IRQHandler
                0x08000ff4                RTC_WKUP_IRQHandler
                0x08000ff4                PVD_PVM_IRQHandler
                0x08000ff4                SPI2_IRQHandler
                0x08000ff4                DMA2_Channel5_IRQHandler
                0x08000ff4                CRS_IRQHandler
                0x08000ff4                DMA1_Channel5_IRQHandler
                0x08000ff4                USB_LP_IRQHandler
                0x08000ff4                EXTI4_IRQHandler
                0x08000ff4                RNG_IRQHandler
                0x08000ff4                TIM1_TRG_COM_TIM17_IRQHandler
                0x08000ff4                FDCAN2_IT1_IRQHandler
                0x08000ff4                DMA1_Channel3_IRQHandler
                0x08000ff4                WWDG_IRQHandler
                0x08000ff4                FDCAN2_IT0_IRQHandler
                0x08000ff4                LPUART1_IRQHandler
                0x08000ff4                DMA2_Channel6_IRQHandler
                0x08000ff4                FDCAN1_IT0_IRQHandler
                0x08000ff4                TIM2_IRQHandler
                0x08000ff4                COMP1_2_3_IRQHandler
                0x08000ff4                EXTI1_IRQHandler
                0x08000ff4                USART2_IRQHandler
                0x08000ff4                TIM20_BRK_IRQHandler
                0x08000ff4                I2C2_ER_IRQHandler
                0x08000ff4                DMA1_Channel2_IRQHandler
                0x08000ff4                TIM8_BRK_IRQHandler
                0x08000ff4                FLASH_IRQHandler
                0x08000ff4                TIM20_CC_IRQHandler
                0x08000ff4                USART1_IRQHandler
                0x08000ff4                SPI3_IRQHandler
                0x08000ff4                I2C1_ER_IRQHandler
                0x08000ff4                LPTIM1_IRQHandler
                0x08000ff4                DMAMUX_OVR_IRQHandler
                0x08000ff4                USBWakeUp_IRQHandler
                0x08000ff4                SAI1_IRQHandler
                0x08000ff4                DMA2_Channel3_IRQHandler
                0x08000ff4                COMP4_IRQHandler
                0x08000ff4                TIM1_BRK_TIM15_IRQHandler
 .text.HAL_Init
                0x08000ff6       0x30 ./Drivers/STM32G4xx_HAL_Driver/Src/stm32g4xx_hal.o
                0x08000ff6                HAL_Init
 *fill*         0x08001026        0x2 
 .text.HAL_InitTick
                0x08001028       0x74 ./Drivers/STM32G4xx_HAL_Driver/Src/stm32g4xx_hal.o
                0x08001028                HAL_InitTick
 .text.HAL_IncTick
                0x0800109c       0x24 ./Drivers/STM32G4xx_HAL_Driver/Src/stm32g4xx_hal.o
                0x0800109c                HAL_IncTick
 .text.HAL_GetTick
                0x080010c0       0x18 ./Drivers/STM32G4xx_HAL_Driver/Src/stm32g4xx_hal.o
                0x080010c0                HAL_GetTick
 .text.LL_ADC_SetCommonClock
                0x080010d8       0x26 ./Drivers/STM32G4xx_HAL_Driver/Src/stm32g4xx_hal_adc.o
 .text.LL_ADC_SetCommonPathInternalCh
                0x080010fe       0x26 ./Drivers/STM32G4xx_HAL_Driver/Src/stm32g4xx_hal_adc.o
 .text.LL_ADC_GetCommonPathInternalCh
                0x08001124       0x1c ./Drivers/STM32G4xx_HAL_Driver/Src/stm32g4xx_hal_adc.o
 .text.LL_ADC_SetOffset
                0x08001140       0x48 ./Drivers/STM32G4xx_HAL_Driver/Src/stm32g4xx_hal_adc.o
 .text.LL_ADC_GetOffsetChannel
                0x08001188       0x2c ./Drivers/STM32G4xx_HAL_Driver/Src/stm32g4xx_hal_adc.o
 .text.LL_ADC_SetOffsetState
                0x080011b4       0x36 ./Drivers/STM32G4xx_HAL_Driver/Src/stm32g4xx_hal_adc.o
 .text.LL_ADC_SetOffsetSign
                0x080011ea       0x36 ./Drivers/STM32G4xx_HAL_Driver/Src/stm32g4xx_hal_adc.o
 .text.LL_ADC_SetOffsetSaturation
                0x08001220       0x36 ./Drivers/STM32G4xx_HAL_Driver/Src/stm32g4xx_hal_adc.o
 .text.LL_ADC_SetSamplingTimeCommonConfig
                0x08001256       0x26 ./Drivers/STM32G4xx_HAL_Driver/Src/stm32g4xx_hal_adc.o
 .text.LL_ADC_REG_IsTriggerSourceSWStart
                0x0800127c       0x26 ./Drivers/STM32G4xx_HAL_Driver/Src/stm32g4xx_hal_adc.o
 .text.LL_ADC_REG_SetSequencerRanks
                0x080012a2       0x58 ./Drivers/STM32G4xx_HAL_Driver/Src/stm32g4xx_hal_adc.o
 .text.LL_ADC_SetChannelSamplingTime
                0x080012fa       0x56 ./Drivers/STM32G4xx_HAL_Driver/Src/stm32g4xx_hal_adc.o
 .text.LL_ADC_SetChannelSingleDiff
                0x08001350       0x48 ./Drivers/STM32G4xx_HAL_Driver/Src/stm32g4xx_hal_adc.o
 .text.LL_ADC_GetMultimode
                0x08001398       0x1c ./Drivers/STM32G4xx_HAL_Driver/Src/stm32g4xx_hal_adc.o
 .text.LL_ADC_DisableDeepPowerDown
                0x080013b4       0x24 ./Drivers/STM32G4xx_HAL_Driver/Src/stm32g4xx_hal_adc.o
 .text.LL_ADC_IsDeepPowerDownEnabled
                0x080013d8       0x28 ./Drivers/STM32G4xx_HAL_Driver/Src/stm32g4xx_hal_adc.o
 .text.LL_ADC_EnableInternalRegulator
                0x08001400       0x28 ./Drivers/STM32G4xx_HAL_Driver/Src/stm32g4xx_hal_adc.o
 .text.LL_ADC_IsInternalRegulatorEnabled
                0x08001428       0x28 ./Drivers/STM32G4xx_HAL_Driver/Src/stm32g4xx_hal_adc.o
 .text.LL_ADC_Enable
                0x08001450       0x28 ./Drivers/STM32G4xx_HAL_Driver/Src/stm32g4xx_hal_adc.o
 .text.LL_ADC_IsEnabled
                0x08001478       0x26 ./Drivers/STM32G4xx_HAL_Driver/Src/stm32g4xx_hal_adc.o
 .text.LL_ADC_REG_StartConversion
                0x0800149e       0x28 ./Drivers/STM32G4xx_HAL_Driver/Src/stm32g4xx_hal_adc.o
 .text.LL_ADC_REG_IsConversionOngoing
                0x080014c6       0x26 ./Drivers/STM32G4xx_HAL_Driver/Src/stm32g4xx_hal_adc.o
 .text.LL_ADC_INJ_IsConversionOngoing
                0x080014ec       0x26 ./Drivers/STM32G4xx_HAL_Driver/Src/stm32g4xx_hal_adc.o
 *fill*         0x08001512        0x2 
 .text.HAL_ADC_Init
                0x08001514      0x35c ./Drivers/STM32G4xx_HAL_Driver/Src/stm32g4xx_hal_adc.o
                0x08001514                HAL_ADC_Init
 .text.HAL_ADC_Start_DMA
                0x08001870      0x194 ./Drivers/STM32G4xx_HAL_Driver/Src/stm32g4xx_hal_adc.o
                0x08001870                HAL_ADC_Start_DMA
 .text.HAL_ADC_ConvHalfCpltCallback
                0x08001a04       0x14 ./Drivers/STM32G4xx_HAL_Driver/Src/stm32g4xx_hal_adc.o
                0x08001a04                HAL_ADC_ConvHalfCpltCallback
 .text.HAL_ADC_ErrorCallback
                0x08001a18       0x14 ./Drivers/STM32G4xx_HAL_Driver/Src/stm32g4xx_hal_adc.o
                0x08001a18                HAL_ADC_ErrorCallback
 .text.HAL_ADC_ConfigChannel
                0x08001a2c      0x858 ./Drivers/STM32G4xx_HAL_Driver/Src/stm32g4xx_hal_adc.o
                0x08001a2c                HAL_ADC_ConfigChannel
 .text.ADC_Enable
                0x08002284      0x12c ./Drivers/STM32G4xx_HAL_Driver/Src/stm32g4xx_hal_adc.o
                0x08002284                ADC_Enable
 .text.ADC_DMAConvCplt
                0x080023b0       0xd8 ./Drivers/STM32G4xx_HAL_Driver/Src/stm32g4xx_hal_adc.o
                0x080023b0                ADC_DMAConvCplt
 .text.ADC_DMAHalfConvCplt
                0x08002488       0x1c ./Drivers/STM32G4xx_HAL_Driver/Src/stm32g4xx_hal_adc.o
                0x08002488                ADC_DMAHalfConvCplt
 .text.ADC_DMAError
                0x080024a4       0x34 ./Drivers/STM32G4xx_HAL_Driver/Src/stm32g4xx_hal_adc.o
                0x080024a4                ADC_DMAError
 .text.__NVIC_SetPriorityGrouping
                0x080024d8       0x48 ./Drivers/STM32G4xx_HAL_Driver/Src/stm32g4xx_hal_cortex.o
 .text.__NVIC_GetPriorityGrouping
                0x08002520       0x1c ./Drivers/STM32G4xx_HAL_Driver/Src/stm32g4xx_hal_cortex.o
 .text.__NVIC_EnableIRQ
                0x0800253c       0x3c ./Drivers/STM32G4xx_HAL_Driver/Src/stm32g4xx_hal_cortex.o
 .text.__NVIC_SetPriority
                0x08002578       0x54 ./Drivers/STM32G4xx_HAL_Driver/Src/stm32g4xx_hal_cortex.o
 .text.NVIC_EncodePriority
                0x080025cc       0x66 ./Drivers/STM32G4xx_HAL_Driver/Src/stm32g4xx_hal_cortex.o
 *fill*         0x08002632        0x2 
 .text.SysTick_Config
                0x08002634       0x44 ./Drivers/STM32G4xx_HAL_Driver/Src/stm32g4xx_hal_cortex.o
 .text.HAL_NVIC_SetPriorityGrouping
                0x08002678       0x16 ./Drivers/STM32G4xx_HAL_Driver/Src/stm32g4xx_hal_cortex.o
                0x08002678                HAL_NVIC_SetPriorityGrouping
 .text.HAL_NVIC_SetPriority
                0x0800268e       0x34 ./Drivers/STM32G4xx_HAL_Driver/Src/stm32g4xx_hal_cortex.o
                0x0800268e                HAL_NVIC_SetPriority
 .text.HAL_NVIC_EnableIRQ
                0x080026c2       0x1c ./Drivers/STM32G4xx_HAL_Driver/Src/stm32g4xx_hal_cortex.o
                0x080026c2                HAL_NVIC_EnableIRQ
 .text.HAL_SYSTICK_Config
                0x080026de       0x18 ./Drivers/STM32G4xx_HAL_Driver/Src/stm32g4xx_hal_cortex.o
                0x080026de                HAL_SYSTICK_Config
 *fill*         0x080026f6        0x2 
 .text.HAL_DMA_Init
                0x080026f8      0x150 ./Drivers/STM32G4xx_HAL_Driver/Src/stm32g4xx_hal_dma.o
                0x080026f8                HAL_DMA_Init
 .text.HAL_DMA_Start_IT
                0x08002848       0xf6 ./Drivers/STM32G4xx_HAL_Driver/Src/stm32g4xx_hal_dma.o
                0x08002848                HAL_DMA_Start_IT
 .text.HAL_DMA_IRQHandler
                0x0800293e      0x15e ./Drivers/STM32G4xx_HAL_Driver/Src/stm32g4xx_hal_dma.o
                0x0800293e                HAL_DMA_IRQHandler
 .text.DMA_SetConfig
                0x08002a9c       0x7c ./Drivers/STM32G4xx_HAL_Driver/Src/stm32g4xx_hal_dma.o
 .text.DMA_CalcDMAMUXChannelBaseAndMask
                0x08002b18       0x7c ./Drivers/STM32G4xx_HAL_Driver/Src/stm32g4xx_hal_dma.o
 .text.DMA_CalcDMAMUXRequestGenBaseAndMask
                0x08002b94       0x48 ./Drivers/STM32G4xx_HAL_Driver/Src/stm32g4xx_hal_dma.o
 .text.HAL_FDCAN_Init
                0x08002bdc      0x2b4 ./Drivers/STM32G4xx_HAL_Driver/Src/stm32g4xx_hal_fdcan.o
                0x08002bdc                HAL_FDCAN_Init
 .text.HAL_FDCAN_Start
                0x08002e90       0x50 ./Drivers/STM32G4xx_HAL_Driver/Src/stm32g4xx_hal_fdcan.o
                0x08002e90                HAL_FDCAN_Start
 .text.HAL_FDCAN_AddMessageToTxFifoQ
                0x08002ee0       0x88 ./Drivers/STM32G4xx_HAL_Driver/Src/stm32g4xx_hal_fdcan.o
                0x08002ee0                HAL_FDCAN_AddMessageToTxFifoQ
 .text.HAL_FDCAN_ActivateNotification
                0x08002f68      0x1cc ./Drivers/STM32G4xx_HAL_Driver/Src/stm32g4xx_hal_fdcan.o
                0x08002f68                HAL_FDCAN_ActivateNotification
 .text.FDCAN_CalcultateRamBlockAddresses
                0x08003134       0xc4 ./Drivers/STM32G4xx_HAL_Driver/Src/stm32g4xx_hal_fdcan.o
 .text.FDCAN_CopyMessageToRAM
                0x080031f8       0xf8 ./Drivers/STM32G4xx_HAL_Driver/Src/stm32g4xx_hal_fdcan.o
 .text.HAL_GPIO_Init
                0x080032f0      0x304 ./Drivers/STM32G4xx_HAL_Driver/Src/stm32g4xx_hal_gpio.o
                0x080032f0                HAL_GPIO_Init
 .text.HAL_GPIO_WritePin
                0x080035f4       0x30 ./Drivers/STM32G4xx_HAL_Driver/Src/stm32g4xx_hal_gpio.o
                0x080035f4                HAL_GPIO_WritePin
 .text.HAL_GPIO_TogglePin
                0x08003624       0x34 ./Drivers/STM32G4xx_HAL_Driver/Src/stm32g4xx_hal_gpio.o
                0x08003624                HAL_GPIO_TogglePin
 .text.HAL_PWREx_ControlVoltageScaling
                0x08003658      0x148 ./Drivers/STM32G4xx_HAL_Driver/Src/stm32g4xx_hal_pwr_ex.o
                0x08003658                HAL_PWREx_ControlVoltageScaling
 .text.HAL_PWREx_DisableUCPDDeadBattery
                0x080037a0       0x20 ./Drivers/STM32G4xx_HAL_Driver/Src/stm32g4xx_hal_pwr_ex.o
                0x080037a0                HAL_PWREx_DisableUCPDDeadBattery
 .text.HAL_RCC_OscConfig
                0x080037c0      0x624 ./Drivers/STM32G4xx_HAL_Driver/Src/stm32g4xx_hal_rcc.o
                0x080037c0                HAL_RCC_OscConfig
 .text.HAL_RCC_ClockConfig
                0x08003de4      0x278 ./Drivers/STM32G4xx_HAL_Driver/Src/stm32g4xx_hal_rcc.o
                0x08003de4                HAL_RCC_ClockConfig
 .text.HAL_RCC_GetSysClockFreq
                0x0800405c       0xc4 ./Drivers/STM32G4xx_HAL_Driver/Src/stm32g4xx_hal_rcc.o
                0x0800405c                HAL_RCC_GetSysClockFreq
 .text.RCC_GetSysClockFreqFromPLLSource
                0x08004120       0x8c ./Drivers/STM32G4xx_HAL_Driver/Src/stm32g4xx_hal_rcc.o
 .text.HAL_RCCEx_PeriphCLKConfig
                0x080041ac      0x478 ./Drivers/STM32G4xx_HAL_Driver/Src/stm32g4xx_hal_rcc_ex.o
                0x080041ac                HAL_RCCEx_PeriphCLKConfig
 .text.__NVIC_SetPriority
                0x08004624       0x54 ./Middlewares/Third_Party/FreeRTOS/Source/CMSIS_RTOS_V2/cmsis_os2.o
 .text.SVC_Setup
                0x08004678       0x12 ./Middlewares/Third_Party/FreeRTOS/Source/CMSIS_RTOS_V2/cmsis_os2.o
 *fill*         0x0800468a        0x2 
 .text.osKernelInitialize
                0x0800468c       0x48 ./Middlewares/Third_Party/FreeRTOS/Source/CMSIS_RTOS_V2/cmsis_os2.o
                0x0800468c                osKernelInitialize
 .text.osKernelStart
                0x080046d4       0x4c ./Middlewares/Third_Party/FreeRTOS/Source/CMSIS_RTOS_V2/cmsis_os2.o
                0x080046d4                osKernelStart
 .text.osThreadNew
                0x08004720      0x124 ./Middlewares/Third_Party/FreeRTOS/Source/CMSIS_RTOS_V2/cmsis_os2.o
                0x08004720                osThreadNew
 .text.osDelay  0x08004844       0x36 ./Middlewares/Third_Party/FreeRTOS/Source/CMSIS_RTOS_V2/cmsis_os2.o
                0x08004844                osDelay
 *fill*         0x0800487a        0x2 
 .text.vApplicationGetIdleTaskMemory
                0x0800487c       0x34 ./Middlewares/Third_Party/FreeRTOS/Source/CMSIS_RTOS_V2/cmsis_os2.o
                0x0800487c                vApplicationGetIdleTaskMemory
 .text.vApplicationGetTimerTaskMemory
                0x080048b0       0x34 ./Middlewares/Third_Party/FreeRTOS/Source/CMSIS_RTOS_V2/cmsis_os2.o
                0x080048b0                vApplicationGetTimerTaskMemory
 .text.vListInitialise
                0x080048e4       0x40 ./Middlewares/Third_Party/FreeRTOS/Source/list.o
                0x080048e4                vListInitialise
 .text.vListInitialiseItem
                0x08004924       0x1a ./Middlewares/Third_Party/FreeRTOS/Source/list.o
                0x08004924                vListInitialiseItem
 .text.vListInsertEnd
                0x0800493e       0x48 ./Middlewares/Third_Party/FreeRTOS/Source/list.o
                0x0800493e                vListInsertEnd
 .text.vListInsert
                0x08004986       0x72 ./Middlewares/Third_Party/FreeRTOS/Source/list.o
                0x08004986                vListInsert
 .text.uxListRemove
                0x080049f8       0x54 ./Middlewares/Third_Party/FreeRTOS/Source/list.o
                0x080049f8                uxListRemove
 .text.xQueueGenericReset
                0x08004a4c       0xd4 ./Middlewares/Third_Party/FreeRTOS/Source/queue.o
                0x08004a4c                xQueueGenericReset
 .text.xQueueGenericCreateStatic
                0x08004b20       0xfa ./Middlewares/Third_Party/FreeRTOS/Source/queue.o
                0x08004b20                xQueueGenericCreateStatic
 .text.prvInitialiseNewQueue
                0x08004c1a       0x46 ./Middlewares/Third_Party/FreeRTOS/Source/queue.o
 .text.xQueueGenericSend
                0x08004c60      0x204 ./Middlewares/Third_Party/FreeRTOS/Source/queue.o
                0x08004c60                xQueueGenericSend
 .text.xQueueGenericSendFromISR
                0x08004e64      0x13c ./Middlewares/Third_Party/FreeRTOS/Source/queue.o
                0x08004e64                xQueueGenericSendFromISR
 .text.xQueueReceive
                0x08004fa0      0x1c4 ./Middlewares/Third_Party/FreeRTOS/Source/queue.o
                0x08004fa0                xQueueReceive
 .text.prvCopyDataToQueue
                0x08005164       0xd4 ./Middlewares/Third_Party/FreeRTOS/Source/queue.o
 .text.prvCopyDataFromQueue
                0x08005238       0x4c ./Middlewares/Third_Party/FreeRTOS/Source/queue.o
 .text.prvUnlockQueue
                0x08005284       0xa4 ./Middlewares/Third_Party/FreeRTOS/Source/queue.o
 .text.prvIsQueueEmpty
                0x08005328       0x2c ./Middlewares/Third_Party/FreeRTOS/Source/queue.o
 .text.prvIsQueueFull
                0x08005354       0x30 ./Middlewares/Third_Party/FreeRTOS/Source/queue.o
 .text.vQueueAddToRegistry
                0x08005384       0x54 ./Middlewares/Third_Party/FreeRTOS/Source/queue.o
                0x08005384                vQueueAddToRegistry
 .text.vQueueWaitForMessageRestricted
                0x080053d8       0x68 ./Middlewares/Third_Party/FreeRTOS/Source/queue.o
                0x080053d8                vQueueWaitForMessageRestricted
 .text.xTaskCreateStatic
                0x08005440       0xc0 ./Middlewares/Third_Party/FreeRTOS/Source/tasks.o
                0x08005440                xTaskCreateStatic
 .text.xTaskCreate
                0x08005500       0x8a ./Middlewares/Third_Party/FreeRTOS/Source/tasks.o
                0x08005500                xTaskCreate
 .text.prvInitialiseNewTask
                0x0800558a      0x120 ./Middlewares/Third_Party/FreeRTOS/Source/tasks.o
 *fill*         0x080056aa        0x2 
 .text.prvAddNewTaskToReadyList
                0x080056ac       0xe0 ./Middlewares/Third_Party/FreeRTOS/Source/tasks.o
 .text.vTaskDelay
                0x0800578c       0x6c ./Middlewares/Third_Party/FreeRTOS/Source/tasks.o
                0x0800578c                vTaskDelay
 .text.vTaskStartScheduler
                0x080057f8       0xd0 ./Middlewares/Third_Party/FreeRTOS/Source/tasks.o
                0x080057f8                vTaskStartScheduler
 .text.vTaskSuspendAll
                0x080058c8       0x1c ./Middlewares/Third_Party/FreeRTOS/Source/tasks.o
                0x080058c8                vTaskSuspendAll
 .text.xTaskResumeAll
                0x080058e4      0x13c ./Middlewares/Third_Party/FreeRTOS/Source/tasks.o
                0x080058e4                xTaskResumeAll
 .text.xTaskGetTickCount
                0x08005a20       0x20 ./Middlewares/Third_Party/FreeRTOS/Source/tasks.o
                0x08005a20                xTaskGetTickCount
 .text.xTaskIncrementTick
                0x08005a40      0x174 ./Middlewares/Third_Party/FreeRTOS/Source/tasks.o
                0x08005a40                xTaskIncrementTick
 .text.vTaskSwitchContext
                0x08005bb4       0xbc ./Middlewares/Third_Party/FreeRTOS/Source/tasks.o
                0x08005bb4                vTaskSwitchContext
 .text.vTaskPlaceOnEventList
                0x08005c70       0x4c ./Middlewares/Third_Party/FreeRTOS/Source/tasks.o
                0x08005c70                vTaskPlaceOnEventList
 .text.vTaskPlaceOnEventListRestricted
                0x08005cbc       0x58 ./Middlewares/Third_Party/FreeRTOS/Source/tasks.o
                0x08005cbc                vTaskPlaceOnEventListRestricted
 .text.xTaskRemoveFromEventList
                0x08005d14       0xc8 ./Middlewares/Third_Party/FreeRTOS/Source/tasks.o
                0x08005d14                xTaskRemoveFromEventList
 .text.vTaskInternalSetTimeOutState
                0x08005ddc       0x2c ./Middlewares/Third_Party/FreeRTOS/Source/tasks.o
                0x08005ddc                vTaskInternalSetTimeOutState
 .text.xTaskCheckForTimeOut
                0x08005e08       0xc8 ./Middlewares/Third_Party/FreeRTOS/Source/tasks.o
                0x08005e08                xTaskCheckForTimeOut
 .text.vTaskMissedYield
                0x08005ed0       0x18 ./Middlewares/Third_Party/FreeRTOS/Source/tasks.o
                0x08005ed0                vTaskMissedYield
 .text.prvIdleTask
                0x08005ee8       0x30 ./Middlewares/Third_Party/FreeRTOS/Source/tasks.o
 .text.prvInitialiseTaskLists
                0x08005f18       0x80 ./Middlewares/Third_Party/FreeRTOS/Source/tasks.o
 .text.prvCheckTasksWaitingTermination
                0x08005f98       0x5c ./Middlewares/Third_Party/FreeRTOS/Source/tasks.o
 .text.prvDeleteTCB
                0x08005ff4       0x60 ./Middlewares/Third_Party/FreeRTOS/Source/tasks.o
 .text.prvResetNextTaskUnblockTime
                0x08006054       0x40 ./Middlewares/Third_Party/FreeRTOS/Source/tasks.o
 .text.xTaskGetCurrentTaskHandle
                0x08006094       0x20 ./Middlewares/Third_Party/FreeRTOS/Source/tasks.o
                0x08006094                xTaskGetCurrentTaskHandle
 .text.xTaskGetSchedulerState
                0x080060b4       0x3c ./Middlewares/Third_Party/FreeRTOS/Source/tasks.o
                0x080060b4                xTaskGetSchedulerState
 .text.xTaskPriorityDisinherit
                0x080060f0       0xe0 ./Middlewares/Third_Party/FreeRTOS/Source/tasks.o
                0x080060f0                xTaskPriorityDisinherit
 .text.ulTaskNotifyTake
                0x080061d0       0x90 ./Middlewares/Third_Party/FreeRTOS/Source/tasks.o
                0x080061d0                ulTaskNotifyTake
 .text.vTaskNotifyGiveFromISR
                0x08006260      0x128 ./Middlewares/Third_Party/FreeRTOS/Source/tasks.o
                0x08006260                vTaskNotifyGiveFromISR
 .text.prvAddCurrentTaskToDelayedList
                0x08006388       0xa8 ./Middlewares/Third_Party/FreeRTOS/Source/tasks.o
 .text.xTimerCreateTimerTask
                0x08006430       0x94 ./Middlewares/Third_Party/FreeRTOS/Source/timers.o
                0x08006430                xTimerCreateTimerTask
 .text.xTimerGenericCommand
                0x080064c4       0x9c ./Middlewares/Third_Party/FreeRTOS/Source/timers.o
                0x080064c4                xTimerGenericCommand
 .text.prvProcessExpiredTimer
                0x08006560       0x9c ./Middlewares/Third_Party/FreeRTOS/Source/timers.o
 .text.prvTimerTask
                0x080065fc       0x26 ./Middlewares/Third_Party/FreeRTOS/Source/timers.o
 *fill*         0x08006622        0x2 
 .text.prvProcessTimerOrBlockTask
                0x08006624       0x9c ./Middlewares/Third_Party/FreeRTOS/Source/timers.o
 .text.prvGetNextExpireTime
                0x080066c0       0x48 ./Middlewares/Third_Party/FreeRTOS/Source/timers.o
 .text.prvSampleTimeNow
                0x08006708       0x40 ./Middlewares/Third_Party/FreeRTOS/Source/timers.o
 .text.prvInsertTimerInActiveList
                0x08006748       0x84 ./Middlewares/Third_Party/FreeRTOS/Source/timers.o
 .text.prvProcessReceivedCommands
                0x080067cc      0x1cc ./Middlewares/Third_Party/FreeRTOS/Source/timers.o
 .text.prvSwitchTimerLists
                0x08006998       0xcc ./Middlewares/Third_Party/FreeRTOS/Source/timers.o
 .text.prvCheckForValidListAndQueue
                0x08006a64       0x80 ./Middlewares/Third_Party/FreeRTOS/Source/timers.o
 .text.pxPortInitialiseStack
                0x08006ae4       0x68 ./Middlewares/Third_Party/FreeRTOS/Source/portable/GCC/ARM_CM4F/port.o
                0x08006ae4                pxPortInitialiseStack
 .text.prvTaskExitError
                0x08006b4c       0x5c ./Middlewares/Third_Party/FreeRTOS/Source/portable/GCC/ARM_CM4F/port.o
 *fill*         0x08006ba8        0x8 
 .text.SVC_Handler
                0x08006bb0       0x28 ./Middlewares/Third_Party/FreeRTOS/Source/portable/GCC/ARM_CM4F/port.o
                0x08006bb0                SVC_Handler
 .text.prvPortStartFirstTask
                0x08006bd8       0x28 ./Middlewares/Third_Party/FreeRTOS/Source/portable/GCC/ARM_CM4F/port.o
 .text.xPortStartScheduler
                0x08006c00      0x148 ./Middlewares/Third_Party/FreeRTOS/Source/portable/GCC/ARM_CM4F/port.o
                0x08006c00                xPortStartScheduler
 .text.vPortEnterCritical
                0x08006d48       0x64 ./Middlewares/Third_Party/FreeRTOS/Source/portable/GCC/ARM_CM4F/port.o
                0x08006d48                vPortEnterCritical
 .text.vPortExitCritical
                0x08006dac       0x54 ./Middlewares/Third_Party/FreeRTOS/Source/portable/GCC/ARM_CM4F/port.o
                0x08006dac                vPortExitCritical
 .text.PendSV_Handler
                0x08006e00       0x68 ./Middlewares/Third_Party/FreeRTOS/Source/portable/GCC/ARM_CM4F/port.o
                0x08006e00                PendSV_Handler
 .text.xPortSysTickHandler
                0x08006e68       0x44 ./Middlewares/Third_Party/FreeRTOS/Source/portable/GCC/ARM_CM4F/port.o
                0x08006e68                xPortSysTickHandler
 .text.vPortSetupTimerInterrupt
                0x08006eac       0x48 ./Middlewares/Third_Party/FreeRTOS/Source/portable/GCC/ARM_CM4F/port.o
                0x08006eac                vPortSetupTimerInterrupt
 .text.vPortEnableVFP
                0x08006ef4       0x14 ./Middlewares/Third_Party/FreeRTOS/Source/portable/GCC/ARM_CM4F/port.o
 .text.vPortValidateInterruptPriority
                0x08006f08       0x84 ./Middlewares/Third_Party/FreeRTOS/Source/portable/GCC/ARM_CM4F/port.o
                0x08006f08                vPortValidateInterruptPriority
 .text.pvPortMalloc
                0x08006f8c      0x19c ./Middlewares/Third_Party/FreeRTOS/Source/portable/MemMang/heap_4.o
                0x08006f8c                pvPortMalloc
 .text.vPortFree
                0x08007128       0xc8 ./Middlewares/Third_Party/FreeRTOS/Source/portable/MemMang/heap_4.o
                0x08007128                vPortFree
 .text.prvHeapInit
                0x080071f0       0xc4 ./Middlewares/Third_Party/FreeRTOS/Source/portable/MemMang/heap_4.o
 .text.prvInsertBlockIntoFreeList
                0x080072b4       0xb4 ./Middlewares/Third_Party/FreeRTOS/Source/portable/MemMang/heap_4.o
 .text.memset   0x08007368       0x10 C:/ST/STM32CubeIDE_1.18.1/STM32CubeIDE/plugins/com.st.stm32cube.ide.mcu.externaltools.gnu-tools-for-stm32.13.3.rel1.win32_1.0.0.202411081344/tools/bin/../lib/gcc/arm-none-eabi/13.3.1/../../../../arm-none-eabi/lib/thumb/v7e-m+fp/hard\libc_nano.a(libc_a-memset.o)
                0x08007368                memset
 .text.__libc_init_array
                0x08007378       0x48 C:/ST/STM32CubeIDE_1.18.1/STM32CubeIDE/plugins/com.st.stm32cube.ide.mcu.externaltools.gnu-tools-for-stm32.13.3.rel1.win32_1.0.0.202411081344/tools/bin/../lib/gcc/arm-none-eabi/13.3.1/../../../../arm-none-eabi/lib/thumb/v7e-m+fp/hard\libc_nano.a(libc_a-init.o)
                0x08007378                __libc_init_array
 .text.memcpy   0x080073c0       0x1c C:/ST/STM32CubeIDE_1.18.1/STM32CubeIDE/plugins/com.st.stm32cube.ide.mcu.externaltools.gnu-tools-for-stm32.13.3.rel1.win32_1.0.0.202411081344/tools/bin/../lib/gcc/arm-none-eabi/13.3.1/../../../../arm-none-eabi/lib/thumb/v7e-m+fp/hard\libc_nano.a(libc_a-memcpy-stub.o)
                0x080073c0                memcpy
 *(.glue_7)
 .glue_7        0x080073dc        0x0 linker stubs
 *(.glue_7t)
 .glue_7t       0x080073dc        0x0 linker stubs
 *(.eh_frame)
 .eh_frame      0x080073dc        0x0 C:/ST/STM32CubeIDE_1.18.1/STM32CubeIDE/plugins/com.st.stm32cube.ide.mcu.externaltools.gnu-tools-for-stm32.13.3.rel1.win32_1.0.0.202411081344/tools/bin/../lib/gcc/arm-none-eabi/13.3.1/thumb/v7e-m+fp/hard/crtbegin.o
 *(.init)
 .init          0x080073dc        0x4 C:/ST/STM32CubeIDE_1.18.1/STM32CubeIDE/plugins/com.st.stm32cube.ide.mcu.externaltools.gnu-tools-for-stm32.13.3.rel1.win32_1.0.0.202411081344/tools/bin/../lib/gcc/arm-none-eabi/13.3.1/thumb/v7e-m+fp/hard/crti.o
                0x080073dc                _init
 .init          0x080073e0        0x8 C:/ST/STM32CubeIDE_1.18.1/STM32CubeIDE/plugins/com.st.stm32cube.ide.mcu.externaltools.gnu-tools-for-stm32.13.3.rel1.win32_1.0.0.202411081344/tools/bin/../lib/gcc/arm-none-eabi/13.3.1/thumb/v7e-m+fp/hard/crtn.o
 *(.fini)
 .fini          0x080073e8        0x4 C:/ST/STM32CubeIDE_1.18.1/STM32CubeIDE/plugins/com.st.stm32cube.ide.mcu.externaltools.gnu-tools-for-stm32.13.3.rel1.win32_1.0.0.202411081344/tools/bin/../lib/gcc/arm-none-eabi/13.3.1/thumb/v7e-m+fp/hard/crti.o
                0x080073e8                _fini
 .fini          0x080073ec        0x8 C:/ST/STM32CubeIDE_1.18.1/STM32CubeIDE/plugins/com.st.stm32cube.ide.mcu.externaltools.gnu-tools-for-stm32.13.3.rel1.win32_1.0.0.202411081344/tools/bin/../lib/gcc/arm-none-eabi/13.3.1/thumb/v7e-m+fp/hard/crtn.o
                0x080073f4                        . = ALIGN (0x4)
                0x080073f4                        _etext = .

.vfp11_veneer   0x080073f4        0x0
 .vfp11_veneer  0x080073f4        0x0 linker stubs

.v4_bx          0x080073f4        0x0
 .v4_bx         0x080073f4        0x0 linker stubs

.iplt           0x080073f4        0x0
 .iplt          0x080073f4        0x0 C:/ST/STM32CubeIDE_1.18.1/STM32CubeIDE/plugins/com.st.stm32cube.ide.mcu.externaltools.gnu-tools-for-stm32.13.3.rel1.win32_1.0.0.202411081344/tools/bin/../lib/gcc/arm-none-eabi/13.3.1/thumb/v7e-m+fp/hard/crtbegin.o

.rodata         0x080073f4       0x98
                0x080073f4                        . = ALIGN (0x4)
 *(.rodata)
 .rodata        0x080073f4       0x15 ./Core/Src/main.o
 *fill*         0x08007409        0x3 
 .rodata        0x0800740c        0x5 ./Middlewares/Third_Party/FreeRTOS/Source/tasks.o
 *fill*         0x08007411        0x3 
 .rodata        0x08007414        0xd ./Middlewares/Third_Party/FreeRTOS/Source/timers.o
 *(.rodata*)
 *fill*         0x08007421        0x3 
 .rodata.xReadTemp_attributes
                0x08007424       0x24 ./Core/Src/main.o
                0x08007424                xReadTemp_attributes
 .rodata.xSendCAN_attributes
                0x08007448       0x24 ./Core/Src/main.o
                0x08007448                xSendCAN_attributes
 .rodata.AHBPrescTable
                0x0800746c       0x10 ./Core/Src/system_stm32g4xx.o
                0x0800746c                AHBPrescTable
 .rodata.DLCtoBytes
                0x0800747c       0x10 ./Drivers/STM32G4xx_HAL_Driver/Src/stm32g4xx_hal_fdcan.o
                0x0800748c                        . = ALIGN (0x4)

.ARM.extab      0x0800748c        0x0
                0x0800748c                        . = ALIGN (0x4)
 *(.ARM.extab* .gnu.linkonce.armextab.*)
                0x0800748c                        . = ALIGN (0x4)

.ARM            0x0800748c        0x0
                0x0800748c                        . = ALIGN (0x4)
                0x0800748c                        __exidx_start = .
 *(.ARM.exidx*)
                0x0800748c                        __exidx_end = .
                0x0800748c                        . = ALIGN (0x4)

.preinit_array  0x0800748c        0x0
                0x0800748c                        . = ALIGN (0x4)
                0x0800748c                        PROVIDE (__preinit_array_start = .)
 *(.preinit_array*)
                0x0800748c                        PROVIDE (__preinit_array_end = .)
                0x0800748c                        . = ALIGN (0x4)

.init_array     0x0800748c        0x4
                0x0800748c                        . = ALIGN (0x4)
                0x0800748c                        PROVIDE (__init_array_start = .)
 *(SORT_BY_NAME(.init_array.*))
 *(.init_array*)
 .init_array    0x0800748c        0x4 C:/ST/STM32CubeIDE_1.18.1/STM32CubeIDE/plugins/com.st.stm32cube.ide.mcu.externaltools.gnu-tools-for-stm32.13.3.rel1.win32_1.0.0.202411081344/tools/bin/../lib/gcc/arm-none-eabi/13.3.1/thumb/v7e-m+fp/hard/crtbegin.o
                0x08007490                        PROVIDE (__init_array_end = .)
                0x08007490                        . = ALIGN (0x4)

.fini_array     0x08007490        0x4
                0x08007490                        . = ALIGN (0x4)
                [!provide]                        PROVIDE (__fini_array_start = .)
 *(SORT_BY_NAME(.fini_array.*))
 *(.fini_array*)
 .fini_array    0x08007490        0x4 C:/ST/STM32CubeIDE_1.18.1/STM32CubeIDE/plugins/com.st.stm32cube.ide.mcu.externaltools.gnu-tools-for-stm32.13.3.rel1.win32_1.0.0.202411081344/tools/bin/../lib/gcc/arm-none-eabi/13.3.1/thumb/v7e-m+fp/hard/crtbegin.o
                [!provide]                        PROVIDE (__fini_array_end = .)
                0x08007494                        . = ALIGN (0x4)
                0x08007494                        _sidata = LOADADDR (.data)

.rel.dyn        0x08007494        0x0
 .rel.iplt      0x08007494        0x0 C:/ST/STM32CubeIDE_1.18.1/STM32CubeIDE/plugins/com.st.stm32cube.ide.mcu.externaltools.gnu-tools-for-stm32.13.3.rel1.win32_1.0.0.202411081344/tools/bin/../lib/gcc/arm-none-eabi/13.3.1/thumb/v7e-m+fp/hard/crtbegin.o

.data           0x20000000       0x10 load address 0x08007494
                0x20000000                        . = ALIGN (0x4)
                0x20000000                        _sdata = .
 *(.data)
 *(.data*)
 .data.SystemCoreClock
                0x20000000        0x4 ./Core/Src/system_stm32g4xx.o
                0x20000000                SystemCoreClock
 .data.uwTickPrio
                0x20000004        0x4 ./Drivers/STM32G4xx_HAL_Driver/Src/stm32g4xx_hal.o
                0x20000004                uwTickPrio
 .data.uwTickFreq
                0x20000008        0x4 ./Drivers/STM32G4xx_HAL_Driver/Src/stm32g4xx_hal.o
                0x20000008                uwTickFreq
 .data.uxCriticalNesting
                0x2000000c        0x4 ./Middlewares/Third_Party/FreeRTOS/Source/portable/GCC/ARM_CM4F/port.o
 *(.RamFunc)
 *(.RamFunc*)
                0x20000010                        . = ALIGN (0x4)
                0x20000010                        _edata = .

.igot.plt       0x20000010        0x0 load address 0x080074a4
 .igot.plt      0x20000010        0x0 C:/ST/STM32CubeIDE_1.18.1/STM32CubeIDE/plugins/com.st.stm32cube.ide.mcu.externaltools.gnu-tools-for-stm32.13.3.rel1.win32_1.0.0.202411081344/tools/bin/../lib/gcc/arm-none-eabi/13.3.1/thumb/v7e-m+fp/hard/crtbegin.o
                0x20000010                        . = ALIGN (0x4)

.bss            0x20000010     0x1e18 load address 0x080074a4
                0x20000010                        _sbss = .
                0x20000010                        __bss_start__ = _sbss
 *(.bss)
 .bss           0x20000010       0x1c C:/ST/STM32CubeIDE_1.18.1/STM32CubeIDE/plugins/com.st.stm32cube.ide.mcu.externaltools.gnu-tools-for-stm32.13.3.rel1.win32_1.0.0.202411081344/tools/bin/../lib/gcc/arm-none-eabi/13.3.1/thumb/v7e-m+fp/hard/crtbegin.o
 *(.bss*)
 .bss.readingsHistory
                0x2000002c      0x280 ./Core/Src/adc.o
                0x2000002c                readingsHistory
 .bss.filteredReadings
                0x200002ac       0x40 ./Core/Src/adc.o
                0x200002ac                filteredReadings
 .bss.validReadingsCount
                0x200002ec       0x40 ./Core/Src/adc.o
                0x200002ec                validReadingsCount
 .bss.FDCAN1TxData
                0x2000032c        0x8 ./Core/Src/can.o
                0x2000032c                FDCAN1TxData
 .bss.FDCAN1TxHeader
                0x20000334       0x24 ./Core/Src/can.o
                0x20000334                FDCAN1TxHeader
 .bss.hadc2     0x20000358       0x6c ./Core/Src/main.o
                0x20000358                hadc2
 .bss.hdma_adc2
                0x200003c4       0x60 ./Core/Src/main.o
                0x200003c4                hdma_adc2
 .bss.hfdcan1   0x20000424       0x64 ./Core/Src/main.o
                0x20000424                hfdcan1
 .bss.xReadTempHandle
                0x20000488        0x4 ./Core/Src/main.o
                0x20000488                xReadTempHandle
 .bss.xSendCANHandle
                0x2000048c        0x4 ./Core/Src/main.o
                0x2000048c                xSendCANHandle
 .bss.rawAdcBuffer
                0x20000490       0x40 ./Core/Src/main.o
                0x20000490                rawAdcBuffer
 .bss.burst.0   0x200004d0        0x4 ./Core/Src/main.o
 .bss.uwTick    0x200004d4        0x4 ./Drivers/STM32G4xx_HAL_Driver/Src/stm32g4xx_hal.o
                0x200004d4                uwTick
 .bss.KernelState
                0x200004d8        0x4 ./Middlewares/Third_Party/FreeRTOS/Source/CMSIS_RTOS_V2/cmsis_os2.o
 .bss.Idle_TCB.3
                0x200004dc       0x5c ./Middlewares/Third_Party/FreeRTOS/Source/CMSIS_RTOS_V2/cmsis_os2.o
 .bss.Idle_Stack.2
                0x20000538      0x200 ./Middlewares/Third_Party/FreeRTOS/Source/CMSIS_RTOS_V2/cmsis_os2.o
 .bss.Timer_TCB.1
                0x20000738       0x5c ./Middlewares/Third_Party/FreeRTOS/Source/CMSIS_RTOS_V2/cmsis_os2.o
 .bss.Timer_Stack.0
                0x20000794      0x400 ./Middlewares/Third_Party/FreeRTOS/Source/CMSIS_RTOS_V2/cmsis_os2.o
 .bss.xQueueRegistry
                0x20000b94       0x40 ./Middlewares/Third_Party/FreeRTOS/Source/queue.o
                0x20000b94                xQueueRegistry
 .bss.pxCurrentTCB
                0x20000bd4        0x4 ./Middlewares/Third_Party/FreeRTOS/Source/tasks.o
                0x20000bd4                pxCurrentTCB
 .bss.pxReadyTasksLists
                0x20000bd8      0x460 ./Middlewares/Third_Party/FreeRTOS/Source/tasks.o
 .bss.xDelayedTaskList1
                0x20001038       0x14 ./Middlewares/Third_Party/FreeRTOS/Source/tasks.o
 .bss.xDelayedTaskList2
                0x2000104c       0x14 ./Middlewares/Third_Party/FreeRTOS/Source/tasks.o
 .bss.pxDelayedTaskList
                0x20001060        0x4 ./Middlewares/Third_Party/FreeRTOS/Source/tasks.o
 .bss.pxOverflowDelayedTaskList
                0x20001064        0x4 ./Middlewares/Third_Party/FreeRTOS/Source/tasks.o
 .bss.xPendingReadyList
                0x20001068       0x14 ./Middlewares/Third_Party/FreeRTOS/Source/tasks.o
 .bss.xTasksWaitingTermination
                0x2000107c       0x14 ./Middlewares/Third_Party/FreeRTOS/Source/tasks.o
 .bss.uxDeletedTasksWaitingCleanUp
                0x20001090        0x4 ./Middlewares/Third_Party/FreeRTOS/Source/tasks.o
 .bss.xSuspendedTaskList
                0x20001094       0x14 ./Middlewares/Third_Party/FreeRTOS/Source/tasks.o
 .bss.uxCurrentNumberOfTasks
                0x200010a8        0x4 ./Middlewares/Third_Party/FreeRTOS/Source/tasks.o
 .bss.xTickCount
                0x200010ac        0x4 ./Middlewares/Third_Party/FreeRTOS/Source/tasks.o
 .bss.uxTopReadyPriority
                0x200010b0        0x4 ./Middlewares/Third_Party/FreeRTOS/Source/tasks.o
 .bss.xSchedulerRunning
                0x200010b4        0x4 ./Middlewares/Third_Party/FreeRTOS/Source/tasks.o
 .bss.xPendedTicks
                0x200010b8        0x4 ./Middlewares/Third_Party/FreeRTOS/Source/tasks.o
 .bss.xYieldPending
                0x200010bc        0x4 ./Middlewares/Third_Party/FreeRTOS/Source/tasks.o
 .bss.xNumOfOverflows
                0x200010c0        0x4 ./Middlewares/Third_Party/FreeRTOS/Source/tasks.o
 .bss.uxTaskNumber
                0x200010c4        0x4 ./Middlewares/Third_Party/FreeRTOS/Source/tasks.o
 .bss.xNextTaskUnblockTime
                0x200010c8        0x4 ./Middlewares/Third_Party/FreeRTOS/Source/tasks.o
 .bss.xIdleTaskHandle
                0x200010cc        0x4 ./Middlewares/Third_Party/FreeRTOS/Source/tasks.o
 .bss.uxSchedulerSuspended
                0x200010d0        0x4 ./Middlewares/Third_Party/FreeRTOS/Source/tasks.o
 .bss.xActiveTimerList1
                0x200010d4       0x14 ./Middlewares/Third_Party/FreeRTOS/Source/timers.o
 .bss.xActiveTimerList2
                0x200010e8       0x14 ./Middlewares/Third_Party/FreeRTOS/Source/timers.o
 .bss.pxCurrentTimerList
                0x200010fc        0x4 ./Middlewares/Third_Party/FreeRTOS/Source/timers.o
 .bss.pxOverflowTimerList
                0x20001100        0x4 ./Middlewares/Third_Party/FreeRTOS/Source/timers.o
 .bss.xTimerQueue
                0x20001104        0x4 ./Middlewares/Third_Party/FreeRTOS/Source/timers.o
 .bss.xTimerTaskHandle
                0x20001108        0x4 ./Middlewares/Third_Party/FreeRTOS/Source/timers.o
 .bss.xLastTime.2
                0x2000110c        0x4 ./Middlewares/Third_Party/FreeRTOS/Source/timers.o
 .bss.ucStaticTimerQueueStorage.1
                0x20001110       0xa0 ./Middlewares/Third_Party/FreeRTOS/Source/timers.o
 .bss.xStaticTimerQueue.0
                0x200011b0       0x50 ./Middlewares/Third_Party/FreeRTOS/Source/timers.o
 .bss.ucMaxSysCallPriority
                0x20001200        0x1 ./Middlewares/Third_Party/FreeRTOS/Source/portable/GCC/ARM_CM4F/port.o
 *fill*         0x20001201        0x3 
 .bss.ulMaxPRIGROUPValue
                0x20001204        0x4 ./Middlewares/Third_Party/FreeRTOS/Source/portable/GCC/ARM_CM4F/port.o
 .bss.ucHeap    0x20001208      0xc00 ./Middlewares/Third_Party/FreeRTOS/Source/portable/MemMang/heap_4.o
 .bss.xStart    0x20001e08        0x8 ./Middlewares/Third_Party/FreeRTOS/Source/portable/MemMang/heap_4.o
 .bss.pxEnd     0x20001e10        0x4 ./Middlewares/Third_Party/FreeRTOS/Source/portable/MemMang/heap_4.o
 .bss.xFreeBytesRemaining
                0x20001e14        0x4 ./Middlewares/Third_Party/FreeRTOS/Source/portable/MemMang/heap_4.o
 .bss.xMinimumEverFreeBytesRemaining
                0x20001e18        0x4 ./Middlewares/Third_Party/FreeRTOS/Source/portable/MemMang/heap_4.o
 .bss.xNumberOfSuccessfulAllocations
                0x20001e1c        0x4 ./Middlewares/Third_Party/FreeRTOS/Source/portable/MemMang/heap_4.o
 .bss.xNumberOfSuccessfulFrees
                0x20001e20        0x4 ./Middlewares/Third_Party/FreeRTOS/Source/portable/MemMang/heap_4.o
 .bss.xBlockAllocatedBit
                0x20001e24        0x4 ./Middlewares/Third_Party/FreeRTOS/Source/portable/MemMang/heap_4.o
 *(COMMON)
                0x20001e28                        . = ALIGN (0x4)
                0x20001e28                        _ebss = .
                0x20001e28                        __bss_end__ = _ebss

._user_heap_stack
                0x20001e28      0x600 load address 0x080074a4
                0x20001e28                        . = ALIGN (0x8)
                [!provide]                        PROVIDE (end = .)
                0x20001e28                        PROVIDE (_end = .)
                0x20002028                        . = (. + _Min_Heap_Size)
 *fill*         0x20001e28      0x200 
                0x20002428                        . = (. + _Min_Stack_Size)
 *fill*         0x20002028      0x400 
                0x20002428                        . = ALIGN (0x8)

/DISCARD/
 libc.a(*)
 libm.a(*)
 libgcc.a(*)

.ARM.attributes
                0x00000000       0x30
 *(.ARM.attributes)
 .ARM.attributes
                0x00000000       0x22 C:/ST/STM32CubeIDE_1.18.1/STM32CubeIDE/plugins/com.st.stm32cube.ide.mcu.externaltools.gnu-tools-for-stm32.13.3.rel1.win32_1.0.0.202411081344/tools/bin/../lib/gcc/arm-none-eabi/13.3.1/thumb/v7e-m+fp/hard/crti.o
 .ARM.attributes
                0x00000022       0x34 C:/ST/STM32CubeIDE_1.18.1/STM32CubeIDE/plugins/com.st.stm32cube.ide.mcu.externaltools.gnu-tools-for-stm32.13.3.rel1.win32_1.0.0.202411081344/tools/bin/../lib/gcc/arm-none-eabi/13.3.1/thumb/v7e-m+fp/hard/crtbegin.o
 .ARM.attributes
                0x00000056       0x34 ./Core/Src/adc.o
 .ARM.attributes
                0x0000008a       0x34 ./Core/Src/can.o
 .ARM.attributes
                0x000000be       0x34 ./Core/Src/main.o
 .ARM.attributes
                0x000000f2       0x34 ./Core/Src/stm32g4xx_hal_msp.o
 .ARM.attributes
                0x00000126       0x34 ./Core/Src/stm32g4xx_it.o
 .ARM.attributes
                0x0000015a       0x34 ./Core/Src/system_stm32g4xx.o
 .ARM.attributes
                0x0000018e       0x21 ./Core/Startup/startup_stm32g491retx.o
 .ARM.attributes
                0x000001af       0x34 ./Drivers/STM32G4xx_HAL_Driver/Src/stm32g4xx_hal.o
 .ARM.attributes
                0x000001e3       0x34 ./Drivers/STM32G4xx_HAL_Driver/Src/stm32g4xx_hal_adc.o
 .ARM.attributes
                0x00000217       0x34 ./Drivers/STM32G4xx_HAL_Driver/Src/stm32g4xx_hal_cortex.o
 .ARM.attributes
                0x0000024b       0x34 ./Drivers/STM32G4xx_HAL_Driver/Src/stm32g4xx_hal_dma.o
 .ARM.attributes
                0x0000027f       0x34 ./Drivers/STM32G4xx_HAL_Driver/Src/stm32g4xx_hal_fdcan.o
 .ARM.attributes
                0x000002b3       0x34 ./Drivers/STM32G4xx_HAL_Driver/Src/stm32g4xx_hal_gpio.o
 .ARM.attributes
                0x000002e7       0x34 ./Drivers/STM32G4xx_HAL_Driver/Src/stm32g4xx_hal_pwr_ex.o
 .ARM.attributes
                0x0000031b       0x34 ./Drivers/STM32G4xx_HAL_Driver/Src/stm32g4xx_hal_rcc.o
 .ARM.attributes
                0x0000034f       0x34 ./Drivers/STM32G4xx_HAL_Driver/Src/stm32g4xx_hal_rcc_ex.o
 .ARM.attributes
                0x00000383       0x34 ./Middlewares/Third_Party/FreeRTOS/Source/CMSIS_RTOS_V2/cmsis_os2.o
 .ARM.attributes
                0x000003b7       0x34 ./Middlewares/Third_Party/FreeRTOS/Source/list.o
 .ARM.attributes
                0x000003eb       0x34 ./Middlewares/Third_Party/FreeRTOS/Source/queue.o
 .ARM.attributes
                0x0000041f       0x34 ./Middlewares/Third_Party/FreeRTOS/Source/tasks.o
 .ARM.attributes
                0x00000453       0x34 ./Middlewares/Third_Party/FreeRTOS/Source/timers.o
 .ARM.attributes
                0x00000487       0x34 ./Middlewares/Third_Party/FreeRTOS/Source/portable/GCC/ARM_CM4F/port.o
 .ARM.attributes
                0x000004bb       0x34 ./Middlewares/Third_Party/FreeRTOS/Source/portable/MemMang/heap_4.o
 .ARM.attributes
                0x000004ef       0x34 C:/ST/STM32CubeIDE_1.18.1/STM32CubeIDE/plugins/com.st.stm32cube.ide.mcu.externaltools.gnu-tools-for-stm32.13.3.rel1.win32_1.0.0.202411081344/tools/bin/../lib/gcc/arm-none-eabi/13.3.1/../../../../arm-none-eabi/lib/thumb/v7e-m+fp/hard\libc_nano.a(libc_a-memset.o)
 .ARM.attributes
                0x00000523       0x34 C:/ST/STM32CubeIDE_1.18.1/STM32CubeIDE/plugins/com.st.stm32cube.ide.mcu.externaltools.gnu-tools-for-stm32.13.3.rel1.win32_1.0.0.202411081344/tools/bin/../lib/gcc/arm-none-eabi/13.3.1/../../../../arm-none-eabi/lib/thumb/v7e-m+fp/hard\libc_nano.a(libc_a-init.o)
 .ARM.attributes
                0x00000557       0x34 C:/ST/STM32CubeIDE_1.18.1/STM32CubeIDE/plugins/com.st.stm32cube.ide.mcu.externaltools.gnu-tools-for-stm32.13.3.rel1.win32_1.0.0.202411081344/tools/bin/../lib/gcc/arm-none-eabi/13.3.1/../../../../arm-none-eabi/lib/thumb/v7e-m+fp/hard\libc_nano.a(libc_a-memcpy-stub.o)
 .ARM.attributes
                0x0000058b       0x22 C:/ST/STM32CubeIDE_1.18.1/STM32CubeIDE/plugins/com.st.stm32cube.ide.mcu.externaltools.gnu-tools-for-stm32.13.3.rel1.win32_1.0.0.202411081344/tools/bin/../lib/gcc/arm-none-eabi/13.3.1/thumb/v7e-m+fp/hard/crtn.o
OUTPUT(TMS_SLAVE_AMP_226.elf elf32-littlearm)
LOAD linker stubs
LOAD C:/ST/STM32CubeIDE_1.18.1/STM32CubeIDE/plugins/com.st.stm32cube.ide.mcu.externaltools.gnu-tools-for-stm32.13.3.rel1.win32_1.0.0.202411081344/tools/bin/../lib/gcc/arm-none-eabi/13.3.1/../../../../arm-none-eabi/lib/thumb/v7e-m+fp/hard\libc.a
LOAD C:/ST/STM32CubeIDE_1.18.1/STM32CubeIDE/plugins/com.st.stm32cube.ide.mcu.externaltools.gnu-tools-for-stm32.13.3.rel1.win32_1.0.0.202411081344/tools/bin/../lib/gcc/arm-none-eabi/13.3.1/../../../../arm-none-eabi/lib/thumb/v7e-m+fp/hard\libm.a
LOAD C:/ST/STM32CubeIDE_1.18.1/STM32CubeIDE/plugins/com.st.stm32cube.ide.mcu.externaltools.gnu-tools-for-stm32.13.3.rel1.win32_1.0.0.202411081344/tools/bin/../lib/gcc/arm-none-eabi/13.3.1/thumb/v7e-m+fp/hard\libgcc.a

.debug_info     0x00000000    0x16354
 .debug_info    0x00000000      0x249 ./Core/Src/adc.o
 .debug_info    0x00000249      0x87b ./Core/Src/can.o
 .debug_info    0x00000ac4     0x1cf2 ./Core/Src/main.o
 .debug_info    0x000027b6     0x1635 ./Core/Src/stm32g4xx_hal_msp.o
 .debug_info    0x00003deb      0x47a ./Core/Src/stm32g4xx_it.o
 .debug_info    0x00004265      0x58e ./Core/Src/system_stm32g4xx.o
 .debug_info    0x000047f3       0x30 ./Core/Startup/startup_stm32g491retx.o
 .debug_info    0x00004823      0xb29 ./Drivers/STM32G4xx_HAL_Driver/Src/stm32g4xx_hal.o
 .debug_info    0x0000534c     0x2063 ./Drivers/STM32G4xx_HAL_Driver/Src/stm32g4xx_hal_adc.o
 .debug_info    0x000073af      0xd8d ./Drivers/STM32G4xx_HAL_Driver/Src/stm32g4xx_hal_cortex.o
 .debug_info    0x0000813c      0x85f ./Drivers/STM32G4xx_HAL_Driver/Src/stm32g4xx_hal_dma.o
 .debug_info    0x0000899b     0x18ab ./Drivers/STM32G4xx_HAL_Driver/Src/stm32g4xx_hal_fdcan.o
 .debug_info    0x0000a246      0x763 ./Drivers/STM32G4xx_HAL_Driver/Src/stm32g4xx_hal_gpio.o
 .debug_info    0x0000a9a9      0x93f ./Drivers/STM32G4xx_HAL_Driver/Src/stm32g4xx_hal_pwr_ex.o
 .debug_info    0x0000b2e8      0xb82 ./Drivers/STM32G4xx_HAL_Driver/Src/stm32g4xx_hal_rcc.o
 .debug_info    0x0000be6a      0xc39 ./Drivers/STM32G4xx_HAL_Driver/Src/stm32g4xx_hal_rcc_ex.o
 .debug_info    0x0000caa3     0x3a62 ./Middlewares/Third_Party/FreeRTOS/Source/CMSIS_RTOS_V2/cmsis_os2.o
 .debug_info    0x00010505      0x2af ./Middlewares/Third_Party/FreeRTOS/Source/list.o
 .debug_info    0x000107b4     0x1b79 ./Middlewares/Third_Party/FreeRTOS/Source/queue.o
 .debug_info    0x0001232d     0x21ec ./Middlewares/Third_Party/FreeRTOS/Source/tasks.o
 .debug_info    0x00014519     0x1488 ./Middlewares/Third_Party/FreeRTOS/Source/timers.o
 .debug_info    0x000159a1      0x4de ./Middlewares/Third_Party/FreeRTOS/Source/portable/GCC/ARM_CM4F/port.o
 .debug_info    0x00015e7f      0x4d5 ./Middlewares/Third_Party/FreeRTOS/Source/portable/MemMang/heap_4.o

.debug_abbrev   0x00000000     0x356c
 .debug_abbrev  0x00000000      0x134 ./Core/Src/adc.o
 .debug_abbrev  0x00000134      0x1f7 ./Core/Src/can.o
 .debug_abbrev  0x0000032b      0x2e7 ./Core/Src/main.o
 .debug_abbrev  0x00000612      0x234 ./Core/Src/stm32g4xx_hal_msp.o
 .debug_abbrev  0x00000846      0x192 ./Core/Src/stm32g4xx_it.o
 .debug_abbrev  0x000009d8      0x11a ./Core/Src/system_stm32g4xx.o
 .debug_abbrev  0x00000af2       0x24 ./Core/Startup/startup_stm32g491retx.o
 .debug_abbrev  0x00000b16      0x271 ./Drivers/STM32G4xx_HAL_Driver/Src/stm32g4xx_hal.o
 .debug_abbrev  0x00000d87      0x2d3 ./Drivers/STM32G4xx_HAL_Driver/Src/stm32g4xx_hal_adc.o
 .debug_abbrev  0x0000105a      0x31c ./Drivers/STM32G4xx_HAL_Driver/Src/stm32g4xx_hal_cortex.o
 .debug_abbrev  0x00001376      0x1e2 ./Drivers/STM32G4xx_HAL_Driver/Src/stm32g4xx_hal_dma.o
 .debug_abbrev  0x00001558      0x1f8 ./Drivers/STM32G4xx_HAL_Driver/Src/stm32g4xx_hal_fdcan.o
 .debug_abbrev  0x00001750      0x1cb ./Drivers/STM32G4xx_HAL_Driver/Src/stm32g4xx_hal_gpio.o
 .debug_abbrev  0x0000191b      0x22c ./Drivers/STM32G4xx_HAL_Driver/Src/stm32g4xx_hal_pwr_ex.o
 .debug_abbrev  0x00001b47      0x2c9 ./Drivers/STM32G4xx_HAL_Driver/Src/stm32g4xx_hal_rcc.o
 .debug_abbrev  0x00001e10      0x258 ./Drivers/STM32G4xx_HAL_Driver/Src/stm32g4xx_hal_rcc_ex.o
 .debug_abbrev  0x00002068      0x508 ./Middlewares/Third_Party/FreeRTOS/Source/CMSIS_RTOS_V2/cmsis_os2.o
 .debug_abbrev  0x00002570       0xf5 ./Middlewares/Third_Party/FreeRTOS/Source/list.o
 .debug_abbrev  0x00002665      0x3b6 ./Middlewares/Third_Party/FreeRTOS/Source/queue.o
 .debug_abbrev  0x00002a1b      0x386 ./Middlewares/Third_Party/FreeRTOS/Source/tasks.o
 .debug_abbrev  0x00002da1      0x352 ./Middlewares/Third_Party/FreeRTOS/Source/timers.o
 .debug_abbrev  0x000030f3      0x25c ./Middlewares/Third_Party/FreeRTOS/Source/portable/GCC/ARM_CM4F/port.o
 .debug_abbrev  0x0000334f      0x21d ./Middlewares/Third_Party/FreeRTOS/Source/portable/MemMang/heap_4.o

.debug_aranges  0x00000000     0x1420
 .debug_aranges
                0x00000000       0x38 ./Core/Src/adc.o
 .debug_aranges
                0x00000038       0x58 ./Core/Src/can.o
 .debug_aranges
                0x00000090       0x68 ./Core/Src/main.o
 .debug_aranges
                0x000000f8       0x40 ./Core/Src/stm32g4xx_hal_msp.o
 .debug_aranges
                0x00000138       0x58 ./Core/Src/stm32g4xx_it.o
 .debug_aranges
                0x00000190       0x28 ./Core/Src/system_stm32g4xx.o
 .debug_aranges
                0x000001b8       0x28 ./Core/Startup/startup_stm32g491retx.o
 .debug_aranges
                0x000001e0      0x148 ./Drivers/STM32G4xx_HAL_Driver/Src/stm32g4xx_hal.o
 .debug_aranges
                0x00000328      0x248 ./Drivers/STM32G4xx_HAL_Driver/Src/stm32g4xx_hal_adc.o
 .debug_aranges
                0x00000570      0x128 ./Drivers/STM32G4xx_HAL_Driver/Src/stm32g4xx_hal_cortex.o
 .debug_aranges
                0x00000698       0x90 ./Drivers/STM32G4xx_HAL_Driver/Src/stm32g4xx_hal_dma.o
 .debug_aranges
                0x00000728      0x208 ./Drivers/STM32G4xx_HAL_Driver/Src/stm32g4xx_hal_fdcan.o
 .debug_aranges
                0x00000930       0x58 ./Drivers/STM32G4xx_HAL_Driver/Src/stm32g4xx_hal_gpio.o
 .debug_aranges
                0x00000988      0x140 ./Drivers/STM32G4xx_HAL_Driver/Src/stm32g4xx_hal_pwr_ex.o
 .debug_aranges
                0x00000ac8       0x98 ./Drivers/STM32G4xx_HAL_Driver/Src/stm32g4xx_hal_rcc.o
 .debug_aranges
                0x00000b60       0xb0 ./Drivers/STM32G4xx_HAL_Driver/Src/stm32g4xx_hal_rcc_ex.o
 .debug_aranges
                0x00000c10      0x2a8 ./Middlewares/Third_Party/FreeRTOS/Source/CMSIS_RTOS_V2/cmsis_os2.o
 .debug_aranges
                0x00000eb8       0x40 ./Middlewares/Third_Party/FreeRTOS/Source/list.o
 .debug_aranges
                0x00000ef8      0x158 ./Middlewares/Third_Party/FreeRTOS/Source/queue.o
 .debug_aranges
                0x00001050      0x208 ./Middlewares/Third_Party/FreeRTOS/Source/tasks.o
 .debug_aranges
                0x00001258       0xf0 ./Middlewares/Third_Party/FreeRTOS/Source/timers.o
 .debug_aranges
                0x00001348       0x80 ./Middlewares/Third_Party/FreeRTOS/Source/portable/GCC/ARM_CM4F/port.o
 .debug_aranges
                0x000013c8       0x58 ./Middlewares/Third_Party/FreeRTOS/Source/portable/MemMang/heap_4.o

.debug_rnglists
                0x00000000      0xf3a
 .debug_rnglists
                0x00000000       0x27 ./Core/Src/adc.o
 .debug_rnglists
                0x00000027       0x3d ./Core/Src/can.o
 .debug_rnglists
                0x00000064       0x4e ./Core/Src/main.o
 .debug_rnglists
                0x000000b2       0x2d ./Core/Src/stm32g4xx_hal_msp.o
 .debug_rnglists
                0x000000df       0x3d ./Core/Src/stm32g4xx_it.o
 .debug_rnglists
                0x0000011c       0x1a ./Core/Src/system_stm32g4xx.o
 .debug_rnglists
                0x00000136       0x19 ./Core/Startup/startup_stm32g491retx.o
 .debug_rnglists
                0x0000014f       0xf1 ./Drivers/STM32G4xx_HAL_Driver/Src/stm32g4xx_hal.o
 .debug_rnglists
                0x00000240      0x1c0 ./Drivers/STM32G4xx_HAL_Driver/Src/stm32g4xx_hal_adc.o
 .debug_rnglists
                0x00000400       0xda ./Drivers/STM32G4xx_HAL_Driver/Src/stm32g4xx_hal_cortex.o
 .debug_rnglists
                0x000004da       0x71 ./Drivers/STM32G4xx_HAL_Driver/Src/stm32g4xx_hal_dma.o
 .debug_rnglists
                0x0000054b      0x18d ./Drivers/STM32G4xx_HAL_Driver/Src/stm32g4xx_hal_fdcan.o
 .debug_rnglists
                0x000006d8       0x3f ./Drivers/STM32G4xx_HAL_Driver/Src/stm32g4xx_hal_gpio.o
 .debug_rnglists
                0x00000717       0xf1 ./Drivers/STM32G4xx_HAL_Driver/Src/stm32g4xx_hal_pwr_ex.o
 .debug_rnglists
                0x00000808       0x74 ./Drivers/STM32G4xx_HAL_Driver/Src/stm32g4xx_hal_rcc.o
 .debug_rnglists
                0x0000087c       0x87 ./Drivers/STM32G4xx_HAL_Driver/Src/stm32g4xx_hal_rcc_ex.o
 .debug_rnglists
                0x00000903      0x20c ./Middlewares/Third_Party/FreeRTOS/Source/CMSIS_RTOS_V2/cmsis_os2.o
 .debug_rnglists
                0x00000b0f       0x2b ./Middlewares/Third_Party/FreeRTOS/Source/list.o
 .debug_rnglists
                0x00000b3a      0x109 ./Middlewares/Third_Party/FreeRTOS/Source/queue.o
 .debug_rnglists
                0x00000c43      0x1a0 ./Middlewares/Third_Party/FreeRTOS/Source/tasks.o
 .debug_rnglists
                0x00000de3       0xb8 ./Middlewares/Third_Party/FreeRTOS/Source/timers.o
 .debug_rnglists
                0x00000e9b       0x5d ./Middlewares/Third_Party/FreeRTOS/Source/portable/GCC/ARM_CM4F/port.o
 .debug_rnglists
                0x00000ef8       0x42 ./Middlewares/Third_Party/FreeRTOS/Source/portable/MemMang/heap_4.o

.debug_macro    0x00000000    0x22199
 .debug_macro   0x00000000      0x38e ./Core/Src/adc.o
 .debug_macro   0x0000038e      0xad8 ./Core/Src/adc.o
 .debug_macro   0x00000e66       0x22 ./Core/Src/adc.o
 .debug_macro   0x00000e88       0x5b ./Core/Src/adc.o
 .debug_macro   0x00000ee3       0x2a ./Core/Src/adc.o
 .debug_macro   0x00000f0d       0x94 ./Core/Src/adc.o
 .debug_macro   0x00000fa1       0x43 ./Core/Src/adc.o
 .debug_macro   0x00000fe4       0x34 ./Core/Src/adc.o
 .debug_macro   0x00001018      0x190 ./Core/Src/adc.o
 .debug_macro   0x000011a8       0x57 ./Core/Src/adc.o
 .debug_macro   0x000011ff      0x370 ./Core/Src/adc.o
 .debug_macro   0x0000156f       0x16 ./Core/Src/adc.o
 .debug_macro   0x00001585       0x4a ./Core/Src/adc.o
 .debug_macro   0x000015cf       0x34 ./Core/Src/adc.o
 .debug_macro   0x00001603       0x10 ./Core/Src/adc.o
 .debug_macro   0x00001613       0x58 ./Core/Src/adc.o
 .debug_macro   0x0000166b       0x8e ./Core/Src/adc.o
 .debug_macro   0x000016f9       0x1c ./Core/Src/adc.o
 .debug_macro   0x00001715      0x185 ./Core/Src/adc.o
 .debug_macro   0x0000189a      0x19b ./Core/Src/adc.o
 .debug_macro   0x00001a35       0x16 ./Core/Src/adc.o
 .debug_macro   0x00001a4b       0x3c ./Core/Src/adc.o
 .debug_macro   0x00001a87       0x16 ./Core/Src/adc.o
 .debug_macro   0x00001a9d       0x29 ./Core/Src/adc.o
 .debug_macro   0x00001ac6      0x15b ./Core/Src/adc.o
 .debug_macro   0x00001c21       0x2e ./Core/Src/adc.o
 .debug_macro   0x00001c4f       0x28 ./Core/Src/adc.o
 .debug_macro   0x00001c77      0x103 ./Core/Src/adc.o
 .debug_macro   0x00001d7a       0x6a ./Core/Src/adc.o
 .debug_macro   0x00001de4      0x1df ./Core/Src/adc.o
 .debug_macro   0x00001fc3       0x1c ./Core/Src/adc.o
 .debug_macro   0x00001fdf       0x22 ./Core/Src/adc.o
 .debug_macro   0x00002001       0xfb ./Core/Src/adc.o
 .debug_macro   0x000020fc     0x1011 ./Core/Src/adc.o
 .debug_macro   0x0000310d      0x11f ./Core/Src/adc.o
 .debug_macro   0x0000322c    0x11e7f ./Core/Src/adc.o
 .debug_macro   0x000150ab       0x6d ./Core/Src/adc.o
 .debug_macro   0x00015118     0x3558 ./Core/Src/adc.o
 .debug_macro   0x00018670       0x56 ./Core/Src/adc.o
 .debug_macro   0x000186c6     0x1535 ./Core/Src/adc.o
 .debug_macro   0x00019bfb      0x5cf ./Core/Src/adc.o
 .debug_macro   0x0001a1ca      0x1b6 ./Core/Src/adc.o
 .debug_macro   0x0001a380      0x2d0 ./Core/Src/adc.o
 .debug_macro   0x0001a650      0x4a2 ./Core/Src/adc.o
 .debug_macro   0x0001aaf2      0x18b ./Core/Src/adc.o
 .debug_macro   0x0001ac7d       0x43 ./Core/Src/adc.o
 .debug_macro   0x0001acc0      0x23d ./Core/Src/adc.o
 .debug_macro   0x0001aefd     0x1112 ./Core/Src/adc.o
 .debug_macro   0x0001c00f      0x72e ./Core/Src/adc.o
 .debug_macro   0x0001c73d      0x391 ./Core/Src/adc.o
 .debug_macro   0x0001cace      0x211 ./Core/Src/adc.o
 .debug_macro   0x0001ccdf      0x6bd ./Core/Src/adc.o
 .debug_macro   0x0001d39c      0x416 ./Core/Src/adc.o
 .debug_macro   0x0001d7b2      0x10e ./Core/Src/adc.o
 .debug_macro   0x0001d8c0      0x122 ./Core/Src/adc.o
 .debug_macro   0x0001d9e2      0x3d1 ./Core/Src/adc.o
 .debug_macro   0x0001ddb3      0x321 ./Core/Src/adc.o
 .debug_macro   0x0001e0d4       0x28 ./Core/Src/adc.o
 .debug_macro   0x0001e0fc      0x169 ./Core/Src/adc.o
 .debug_macro   0x0001e265      0x15a ./Core/Src/adc.o
 .debug_macro   0x0001e3bf       0xc9 ./Core/Src/adc.o
 .debug_macro   0x0001e488       0x1c ./Core/Src/adc.o
 .debug_macro   0x0001e4a4       0x26 ./Core/Src/adc.o
 .debug_macro   0x0001e4ca      0x4c5 ./Core/Src/adc.o
 .debug_macro   0x0001e98f       0xb5 ./Core/Src/adc.o
 .debug_macro   0x0001ea44       0xaa ./Core/Src/adc.o
 .debug_macro   0x0001eaee       0x66 ./Core/Src/adc.o
 .debug_macro   0x0001eb54       0x74 ./Core/Src/adc.o
 .debug_macro   0x0001ebc8       0xdd ./Core/Src/adc.o
 .debug_macro   0x0001eca5       0x3a ./Core/Src/adc.o
 .debug_macro   0x0001ecdf       0x1c ./Core/Src/adc.o
 .debug_macro   0x0001ecfb       0x10 ./Core/Src/adc.o
 .debug_macro   0x0001ed0b       0x1c ./Core/Src/adc.o
 .debug_macro   0x0001ed27       0x16 ./Core/Src/adc.o
 .debug_macro   0x0001ed3d      0x146 ./Core/Src/adc.o
 .debug_macro   0x0001ee83      0x366 ./Core/Src/can.o
 .debug_macro   0x0001f1e9       0xd0 ./Core/Src/can.o
 .debug_macro   0x0001f2b9       0x61 ./Core/Src/can.o
 .debug_macro   0x0001f31a       0x10 ./Core/Src/can.o
 .debug_macro   0x0001f32a       0x20 ./Core/Src/can.o
 .debug_macro   0x0001f34a      0x298 ./Core/Src/main.o
 .debug_macro   0x0001f5e2      0x1e2 ./Core/Src/stm32g4xx_hal_msp.o
 .debug_macro   0x0001f7c4      0x254 ./Core/Src/stm32g4xx_it.o
 .debug_macro   0x0001fa18      0x1d3 ./Core/Src/system_stm32g4xx.o
 .debug_macro   0x0001fbeb      0x221 ./Drivers/STM32G4xx_HAL_Driver/Src/stm32g4xx_hal.o
 .debug_macro   0x0001fe0c      0x1f0 ./Drivers/STM32G4xx_HAL_Driver/Src/stm32g4xx_hal_adc.o
 .debug_macro   0x0001fffc      0x1d3 ./Drivers/STM32G4xx_HAL_Driver/Src/stm32g4xx_hal_cortex.o
 .debug_macro   0x000201cf      0x1d3 ./Drivers/STM32G4xx_HAL_Driver/Src/stm32g4xx_hal_dma.o
 .debug_macro   0x000203a2      0x2e5 ./Drivers/STM32G4xx_HAL_Driver/Src/stm32g4xx_hal_fdcan.o
 .debug_macro   0x00020687      0x1da ./Drivers/STM32G4xx_HAL_Driver/Src/stm32g4xx_hal_gpio.o
 .debug_macro   0x00020861      0x1fd ./Drivers/STM32G4xx_HAL_Driver/Src/stm32g4xx_hal_pwr_ex.o
 .debug_macro   0x00020a5e      0x215 ./Drivers/STM32G4xx_HAL_Driver/Src/stm32g4xx_hal_rcc.o
 .debug_macro   0x00020c73      0x1fd ./Drivers/STM32G4xx_HAL_Driver/Src/stm32g4xx_hal_rcc_ex.o
 .debug_macro   0x00020e70      0x3ca ./Middlewares/Third_Party/FreeRTOS/Source/CMSIS_RTOS_V2/cmsis_os2.o
 .debug_macro   0x0002123a       0x10 ./Middlewares/Third_Party/FreeRTOS/Source/CMSIS_RTOS_V2/cmsis_os2.o
 .debug_macro   0x0002124a       0xf5 ./Middlewares/Third_Party/FreeRTOS/Source/CMSIS_RTOS_V2/cmsis_os2.o
 .debug_macro   0x0002133f       0x91 ./Middlewares/Third_Party/FreeRTOS/Source/CMSIS_RTOS_V2/cmsis_os2.o
 .debug_macro   0x000213d0       0x8d ./Middlewares/Third_Party/FreeRTOS/Source/CMSIS_RTOS_V2/cmsis_os2.o
 .debug_macro   0x0002145d       0x9a ./Middlewares/Third_Party/FreeRTOS/Source/CMSIS_RTOS_V2/cmsis_os2.o
 .debug_macro   0x000214f7       0x22 ./Middlewares/Third_Party/FreeRTOS/Source/CMSIS_RTOS_V2/cmsis_os2.o
 .debug_macro   0x00021519      0x187 ./Middlewares/Third_Party/FreeRTOS/Source/list.o
 .debug_macro   0x000216a0      0x216 ./Middlewares/Third_Party/FreeRTOS/Source/queue.o
 .debug_macro   0x000218b6       0x16 ./Middlewares/Third_Party/FreeRTOS/Source/queue.o
 .debug_macro   0x000218cc       0x87 ./Middlewares/Third_Party/FreeRTOS/Source/queue.o
 .debug_macro   0x00021953      0x27f ./Middlewares/Third_Party/FreeRTOS/Source/tasks.o
 .debug_macro   0x00021bd2       0x10 ./Middlewares/Third_Party/FreeRTOS/Source/tasks.o
 .debug_macro   0x00021be2      0x1dc ./Middlewares/Third_Party/FreeRTOS/Source/timers.o
 .debug_macro   0x00021dbe       0x97 ./Middlewares/Third_Party/FreeRTOS/Source/timers.o
 .debug_macro   0x00021e55      0x196 ./Middlewares/Third_Party/FreeRTOS/Source/portable/GCC/ARM_CM4F/port.o
 .debug_macro   0x00021feb      0x1ae ./Middlewares/Third_Party/FreeRTOS/Source/portable/MemMang/heap_4.o

.debug_line     0x00000000    0x15920
 .debug_line    0x00000000      0xb5a ./Core/Src/adc.o
 .debug_line    0x00000b5a      0xbd9 ./Core/Src/can.o
 .debug_line    0x00001733      0xc15 ./Core/Src/main.o
 .debug_line    0x00002348      0x876 ./Core/Src/stm32g4xx_hal_msp.o
 .debug_line    0x00002bbe      0x90e ./Core/Src/stm32g4xx_it.o
 .debug_line    0x000034cc      0x7ca ./Core/Src/system_stm32g4xx.o
 .debug_line    0x00003c96       0x7b ./Core/Startup/startup_stm32g491retx.o
 .debug_line    0x00003d11      0xb96 ./Drivers/STM32G4xx_HAL_Driver/Src/stm32g4xx_hal.o
 .debug_line    0x000048a7     0x21a9 ./Drivers/STM32G4xx_HAL_Driver/Src/stm32g4xx_hal_adc.o
 .debug_line    0x00006a50      0xcfb ./Drivers/STM32G4xx_HAL_Driver/Src/stm32g4xx_hal_cortex.o
 .debug_line    0x0000774b      0xe95 ./Drivers/STM32G4xx_HAL_Driver/Src/stm32g4xx_hal_dma.o
 .debug_line    0x000085e0     0x18e0 ./Drivers/STM32G4xx_HAL_Driver/Src/stm32g4xx_hal_fdcan.o
 .debug_line    0x00009ec0      0xb6f ./Drivers/STM32G4xx_HAL_Driver/Src/stm32g4xx_hal_gpio.o
 .debug_line    0x0000aa2f      0xcf5 ./Drivers/STM32G4xx_HAL_Driver/Src/stm32g4xx_hal_pwr_ex.o
 .debug_line    0x0000b724     0x1019 ./Drivers/STM32G4xx_HAL_Driver/Src/stm32g4xx_hal_rcc.o
 .debug_line    0x0000c73d     0x124f ./Drivers/STM32G4xx_HAL_Driver/Src/stm32g4xx_hal_rcc_ex.o
 .debug_line    0x0000d98c     0x250b ./Middlewares/Third_Party/FreeRTOS/Source/CMSIS_RTOS_V2/cmsis_os2.o
 .debug_line    0x0000fe97      0x78c ./Middlewares/Third_Party/FreeRTOS/Source/list.o
 .debug_line    0x00010623     0x16fd ./Middlewares/Third_Party/FreeRTOS/Source/queue.o
 .debug_line    0x00011d20     0x1c80 ./Middlewares/Third_Party/FreeRTOS/Source/tasks.o
 .debug_line    0x000139a0      0xdcc ./Middlewares/Third_Party/FreeRTOS/Source/timers.o
 .debug_line    0x0001476c      0x811 ./Middlewares/Third_Party/FreeRTOS/Source/portable/GCC/ARM_CM4F/port.o
 .debug_line    0x00014f7d      0x9a3 ./Middlewares/Third_Party/FreeRTOS/Source/portable/MemMang/heap_4.o

.debug_str      0x00000000    0xdd013
 .debug_str     0x00000000    0xdd013 ./Core/Src/adc.o
                              0xd226b (size before relaxing)
 .debug_str     0x000dd013    0xd1b1d ./Core/Src/can.o
 .debug_str     0x000dd013    0xcfdd9 ./Core/Src/main.o
 .debug_str     0x000dd013    0xca954 ./Core/Src/stm32g4xx_hal_msp.o
 .debug_str     0x000dd013    0xcd8bb ./Core/Src/stm32g4xx_it.o
 .debug_str     0x000dd013    0xc98b0 ./Core/Src/system_stm32g4xx.o
 .debug_str     0x000dd013       0x96 ./Core/Startup/startup_stm32g491retx.o
 .debug_str     0x000dd013    0xca4bb ./Drivers/STM32G4xx_HAL_Driver/Src/stm32g4xx_hal.o
 .debug_str     0x000dd013    0xca8dd ./Drivers/STM32G4xx_HAL_Driver/Src/stm32g4xx_hal_adc.o
 .debug_str     0x000dd013    0xca177 ./Drivers/STM32G4xx_HAL_Driver/Src/stm32g4xx_hal_cortex.o
 .debug_str     0x000dd013    0xc9c8a ./Drivers/STM32G4xx_HAL_Driver/Src/stm32g4xx_hal_dma.o
 .debug_str     0x000dd013    0xcae5f ./Drivers/STM32G4xx_HAL_Driver/Src/stm32g4xx_hal_fdcan.o
 .debug_str     0x000dd013    0xc9a3b ./Drivers/STM32G4xx_HAL_Driver/Src/stm32g4xx_hal_gpio.o
 .debug_str     0x000dd013    0xc9d9e ./Drivers/STM32G4xx_HAL_Driver/Src/stm32g4xx_hal_pwr_ex.o
 .debug_str     0x000dd013    0xc9fa9 ./Drivers/STM32G4xx_HAL_Driver/Src/stm32g4xx_hal_rcc.o
 .debug_str     0x000dd013    0xc9fe6 ./Drivers/STM32G4xx_HAL_Driver/Src/stm32g4xx_hal_rcc_ex.o
 .debug_str     0x000dd013    0xd4537 ./Middlewares/Third_Party/FreeRTOS/Source/CMSIS_RTOS_V2/cmsis_os2.o
 .debug_str     0x000dd013     0xac27 ./Middlewares/Third_Party/FreeRTOS/Source/list.o
 .debug_str     0x000dd013     0xc767 ./Middlewares/Third_Party/FreeRTOS/Source/queue.o
 .debug_str     0x000dd013     0xd224 ./Middlewares/Third_Party/FreeRTOS/Source/tasks.o
 .debug_str     0x000dd013     0xcc99 ./Middlewares/Third_Party/FreeRTOS/Source/timers.o
 .debug_str     0x000dd013     0x87cd ./Middlewares/Third_Party/FreeRTOS/Source/portable/GCC/ARM_CM4F/port.o
 .debug_str     0x000dd013     0xb569 ./Middlewares/Third_Party/FreeRTOS/Source/portable/MemMang/heap_4.o

.comment        0x00000000       0x43
 .comment       0x00000000       0x43 ./Core/Src/adc.o
                                 0x44 (size before relaxing)
 .comment       0x00000043       0x44 ./Core/Src/can.o
 .comment       0x00000043       0x44 ./Core/Src/main.o
 .comment       0x00000043       0x44 ./Core/Src/stm32g4xx_hal_msp.o
 .comment       0x00000043       0x44 ./Core/Src/stm32g4xx_it.o
 .comment       0x00000043       0x44 ./Core/Src/system_stm32g4xx.o
 .comment       0x00000043       0x44 ./Drivers/STM32G4xx_HAL_Driver/Src/stm32g4xx_hal.o
 .comment       0x00000043       0x44 ./Drivers/STM32G4xx_HAL_Driver/Src/stm32g4xx_hal_adc.o
 .comment       0x00000043       0x44 ./Drivers/STM32G4xx_HAL_Driver/Src/stm32g4xx_hal_cortex.o
 .comment       0x00000043       0x44 ./Drivers/STM32G4xx_HAL_Driver/Src/stm32g4xx_hal_dma.o
 .comment       0x00000043       0x44 ./Drivers/STM32G4xx_HAL_Driver/Src/stm32g4xx_hal_fdcan.o
 .comment       0x00000043       0x44 ./Drivers/STM32G4xx_HAL_Driver/Src/stm32g4xx_hal_gpio.o
 .comment       0x00000043       0x44 ./Drivers/STM32G4xx_HAL_Driver/Src/stm32g4xx_hal_pwr_ex.o
 .comment       0x00000043       0x44 ./Drivers/STM32G4xx_HAL_Driver/Src/stm32g4xx_hal_rcc.o
 .comment       0x00000043       0x44 ./Drivers/STM32G4xx_HAL_Driver/Src/stm32g4xx_hal_rcc_ex.o
 .comment       0x00000043       0x44 ./Middlewares/Third_Party/FreeRTOS/Source/CMSIS_RTOS_V2/cmsis_os2.o
 .comment       0x00000043       0x44 ./Middlewares/Third_Party/FreeRTOS/Source/list.o
 .comment       0x00000043       0x44 ./Middlewares/Third_Party/FreeRTOS/Source/queue.o
 .comment       0x00000043       0x44 ./Middlewares/Third_Party/FreeRTOS/Source/tasks.o
 .comment       0x00000043       0x44 ./Middlewares/Third_Party/FreeRTOS/Source/timers.o
 .comment       0x00000043       0x44 ./Middlewares/Third_Party/FreeRTOS/Source/portable/GCC/ARM_CM4F/port.o
 .comment       0x00000043       0x44 ./Middlewares/Third_Party/FreeRTOS/Source/portable/MemMang/heap_4.o

.debug_frame    0x00000000     0x53dc
 .debug_frame   0x00000000       0xa8 ./Core/Src/adc.o
 .debug_frame   0x000000a8      0x130 ./Core/Src/can.o
 .debug_frame   0x000001d8      0x15c ./Core/Src/main.o
 .debug_frame   0x00000334       0xcc ./Core/Src/stm32g4xx_hal_msp.o
 .debug_frame   0x00000400       0xe0 ./Core/Src/stm32g4xx_it.o
 .debug_frame   0x000004e0       0x58 ./Core/Src/system_stm32g4xx.o
 .debug_frame   0x00000538      0x500 ./Drivers/STM32G4xx_HAL_Driver/Src/stm32g4xx_hal.o
 .debug_frame   0x00000a38      0xacc ./Drivers/STM32G4xx_HAL_Driver/Src/stm32g4xx_hal_adc.o
 .debug_frame   0x00001504      0x4e8 ./Drivers/STM32G4xx_HAL_Driver/Src/stm32g4xx_hal_cortex.o
 .debug_frame   0x000019ec      0x24c ./Drivers/STM32G4xx_HAL_Driver/Src/stm32g4xx_hal_dma.o
 .debug_frame   0x00001c38      0x9b0 ./Drivers/STM32G4xx_HAL_Driver/Src/stm32g4xx_hal_fdcan.o
 .debug_frame   0x000025e8      0x14c ./Drivers/STM32G4xx_HAL_Driver/Src/stm32g4xx_hal_gpio.o
 .debug_frame   0x00002734      0x4fc ./Drivers/STM32G4xx_HAL_Driver/Src/stm32g4xx_hal_pwr_ex.o
 .debug_frame   0x00002c30      0x23c ./Drivers/STM32G4xx_HAL_Driver/Src/stm32g4xx_hal_rcc.o
 .debug_frame   0x00002e6c      0x2ac ./Drivers/STM32G4xx_HAL_Driver/Src/stm32g4xx_hal_rcc_ex.o
 .debug_frame   0x00003118      0xbc8 ./Middlewares/Third_Party/FreeRTOS/Source/CMSIS_RTOS_V2/cmsis_os2.o
 .debug_frame   0x00003ce0       0xd8 ./Middlewares/Third_Party/FreeRTOS/Source/list.o
 .debug_frame   0x00003db8      0x5ec ./Middlewares/Third_Party/FreeRTOS/Source/queue.o
 .debug_frame   0x000043a4      0x8f0 ./Middlewares/Third_Party/FreeRTOS/Source/tasks.o
 .debug_frame   0x00004c94      0x400 ./Middlewares/Third_Party/FreeRTOS/Source/timers.o
 .debug_frame   0x00005094      0x1a8 ./Middlewares/Third_Party/FreeRTOS/Source/portable/GCC/ARM_CM4F/port.o
 .debug_frame   0x0000523c      0x12c ./Middlewares/Third_Party/FreeRTOS/Source/portable/MemMang/heap_4.o
 .debug_frame   0x00005368       0x20 C:/ST/STM32CubeIDE_1.18.1/STM32CubeIDE/plugins/com.st.stm32cube.ide.mcu.externaltools.gnu-tools-for-stm32.13.3.rel1.win32_1.0.0.202411081344/tools/bin/../lib/gcc/arm-none-eabi/13.3.1/../../../../arm-none-eabi/lib/thumb/v7e-m+fp/hard\libc_nano.a(libc_a-memset.o)
 .debug_frame   0x00005388       0x2c C:/ST/STM32CubeIDE_1.18.1/STM32CubeIDE/plugins/com.st.stm32cube.ide.mcu.externaltools.gnu-tools-for-stm32.13.3.rel1.win32_1.0.0.202411081344/tools/bin/../lib/gcc/arm-none-eabi/13.3.1/../../../../arm-none-eabi/lib/thumb/v7e-m+fp/hard\libc_nano.a(libc_a-init.o)
 .debug_frame   0x000053b4       0x28 C:/ST/STM32CubeIDE_1.18.1/STM32CubeIDE/plugins/com.st.stm32cube.ide.mcu.externaltools.gnu-tools-for-stm32.13.3.rel1.win32_1.0.0.202411081344/tools/bin/../lib/gcc/arm-none-eabi/13.3.1/../../../../arm-none-eabi/lib/thumb/v7e-m+fp/hard\libc_nano.a(libc_a-memcpy-stub.o)

.debug_line_str
                0x00000000       0x7a
 .debug_line_str
                0x00000000       0x7a ./Core/Startup/startup_stm32g491retx.o
