../Core/Src/main.c:90:5:main	8	static
../Core/Src/main.c:176:6:SystemClock_Config	88	static
../Core/Src/main.c:223:13:MX_ADC2_Init	40	static
../Core/Src/main.c:417:13:MX_FDCAN1_Init	8	static
../Core/Src/main.c:459:13:MX_DMA_Init	16	static
../Core/Src/main.c:478:13:MX_GPIO_Init	24	static
../Core/Src/main.c:496:6:HAL_ADC_ConvCpltCallback	24	static,ignoring_inline_asm
../Core/Src/main.c:510:6:readTempFunction	16	static
../Core/Src/main.c:530:6:sendCANFunction	16	static
../Core/Src/main.c:565:6:Error_Handler	4	static,ignoring_inline_asm
