../Core/Src/main.c:93:5:main	8	static
../Core/Src/main.c:179:6:SystemClock_Config	88	static
../Core/Src/main.c:226:13:MX_ADC2_Init	40	static
../Core/Src/main.c:420:13:MX_FDCAN1_Init	8	static
../Core/Src/main.c:462:13:MX_DMA_Init	16	static
../Core/Src/main.c:481:13:MX_GPIO_Init	24	static
../Core/Src/main.c:499:6:HAL_ADC_ConvCpltCallback	24	static,ignoring_inline_asm
../Core/Src/main.c:513:6:xReadTempFunction	16	static
../Core/Src/main.c:533:6:xSendCANFunction	16	static
../Core/Src/main.c:548:6:Error_Handler	4	static,ignoring_inline_asm
