../Core/Src/main.c:133:13:MX_TIM6_Init_User	3
../Core/Src/main.c:159:13:MX_IWDG_Init_User	2
../Core/Src/main.c:176:5:main	1
../Core/Src/main.c:271:6:SystemClock_Config	3
../Core/Src/main.c:318:13:MX_ADC2_Init	19
../Core/Src/main.c:525:13:MX_FDCAN1_Init	3
../Core/Src/main.c:583:13:MX_DMA_Init	1
../Core/Src/main.c:602:13:MX_GPIO_Init	1
../Core/Src/main.c:639:6:HAL_ADC_ConvCpltCallback	2
../Core/Src/main.c:652:6:HAL_FDCAN_RxFifo0Callback	6
../Core/Src/main.c:691:6:xReadTempFunction	12
../Core/Src/main.c:800:6:xSendCANFunction	4
../Core/Src/main.c:858:6:Error_Handler	1
